Archive member included to satisfy reference by file (symbol)

C:/ST/STM32CubeIDE_1.17.0/STM32CubeIDE/plugins/com.st.stm32cube.ide.mcu.externaltools.gnu-tools-for-stm32.12.3.rel1.win32_1.1.0.202410251130/tools/bin/../lib/gcc/arm-none-eabi/12.3.1/../../../../arm-none-eabi/lib/thumb/v7e-m+dp/hard\libc_nano.a(libc_a-exit.o)
                              C:/ST/STM32CubeIDE_1.17.0/STM32CubeIDE/plugins/com.st.stm32cube.ide.mcu.externaltools.gnu-tools-for-stm32.12.3.rel1.win32_1.1.0.202410251130/tools/bin/../lib/gcc/arm-none-eabi/12.3.1/../../../../arm-none-eabi/lib/thumb/v7e-m+dp/hard/crt0.o (exit)
C:/ST/STM32CubeIDE_1.17.0/STM32CubeIDE/plugins/com.st.stm32cube.ide.mcu.externaltools.gnu-tools-for-stm32.12.3.rel1.win32_1.1.0.202410251130/tools/bin/../lib/gcc/arm-none-eabi/12.3.1/../../../../arm-none-eabi/lib/thumb/v7e-m+dp/hard\libc_nano.a(libc_a-malloc.o)
                              ./Core/Src/main.o (malloc)
C:/ST/STM32CubeIDE_1.17.0/STM32CubeIDE/plugins/com.st.stm32cube.ide.mcu.externaltools.gnu-tools-for-stm32.12.3.rel1.win32_1.1.0.202410251130/tools/bin/../lib/gcc/arm-none-eabi/12.3.1/../../../../arm-none-eabi/lib/thumb/v7e-m+dp/hard\libc_nano.a(libc_a-mallocr.o)
                              C:/ST/STM32CubeIDE_1.17.0/STM32CubeIDE/plugins/com.st.stm32cube.ide.mcu.externaltools.gnu-tools-for-stm32.12.3.rel1.win32_1.1.0.202410251130/tools/bin/../lib/gcc/arm-none-eabi/12.3.1/../../../../arm-none-eabi/lib/thumb/v7e-m+dp/hard\libc_nano.a(libc_a-malloc.o) (_malloc_r)
C:/ST/STM32CubeIDE_1.17.0/STM32CubeIDE/plugins/com.st.stm32cube.ide.mcu.externaltools.gnu-tools-for-stm32.12.3.rel1.win32_1.1.0.202410251130/tools/bin/../lib/gcc/arm-none-eabi/12.3.1/../../../../arm-none-eabi/lib/thumb/v7e-m+dp/hard\libc_nano.a(libc_a-mlock.o)
                              C:/ST/STM32CubeIDE_1.17.0/STM32CubeIDE/plugins/com.st.stm32cube.ide.mcu.externaltools.gnu-tools-for-stm32.12.3.rel1.win32_1.1.0.202410251130/tools/bin/../lib/gcc/arm-none-eabi/12.3.1/../../../../arm-none-eabi/lib/thumb/v7e-m+dp/hard\libc_nano.a(libc_a-mallocr.o) (__malloc_lock)
C:/ST/STM32CubeIDE_1.17.0/STM32CubeIDE/plugins/com.st.stm32cube.ide.mcu.externaltools.gnu-tools-for-stm32.12.3.rel1.win32_1.1.0.202410251130/tools/bin/../lib/gcc/arm-none-eabi/12.3.1/../../../../arm-none-eabi/lib/thumb/v7e-m+dp/hard\libc_nano.a(libc_a-findfp.o)
                              C:/ST/STM32CubeIDE_1.17.0/STM32CubeIDE/plugins/com.st.stm32cube.ide.mcu.externaltools.gnu-tools-for-stm32.12.3.rel1.win32_1.1.0.202410251130/tools/bin/../lib/gcc/arm-none-eabi/12.3.1/../../../../arm-none-eabi/lib/thumb/v7e-m+dp/hard\libc_nano.a(libc_a-exit.o) (__stdio_exit_handler)
C:/ST/STM32CubeIDE_1.17.0/STM32CubeIDE/plugins/com.st.stm32cube.ide.mcu.externaltools.gnu-tools-for-stm32.12.3.rel1.win32_1.1.0.202410251130/tools/bin/../lib/gcc/arm-none-eabi/12.3.1/../../../../arm-none-eabi/lib/thumb/v7e-m+dp/hard\libc_nano.a(libc_a-fwalk.o)
                              C:/ST/STM32CubeIDE_1.17.0/STM32CubeIDE/plugins/com.st.stm32cube.ide.mcu.externaltools.gnu-tools-for-stm32.12.3.rel1.win32_1.1.0.202410251130/tools/bin/../lib/gcc/arm-none-eabi/12.3.1/../../../../arm-none-eabi/lib/thumb/v7e-m+dp/hard\libc_nano.a(libc_a-findfp.o) (_fwalk_sglue)
C:/ST/STM32CubeIDE_1.17.0/STM32CubeIDE/plugins/com.st.stm32cube.ide.mcu.externaltools.gnu-tools-for-stm32.12.3.rel1.win32_1.1.0.202410251130/tools/bin/../lib/gcc/arm-none-eabi/12.3.1/../../../../arm-none-eabi/lib/thumb/v7e-m+dp/hard\libc_nano.a(libc_a-snprintf.o)
                              ./Core/Src/main.o (snprintf)
C:/ST/STM32CubeIDE_1.17.0/STM32CubeIDE/plugins/com.st.stm32cube.ide.mcu.externaltools.gnu-tools-for-stm32.12.3.rel1.win32_1.1.0.202410251130/tools/bin/../lib/gcc/arm-none-eabi/12.3.1/../../../../arm-none-eabi/lib/thumb/v7e-m+dp/hard\libc_nano.a(libc_a-stdio.o)
                              C:/ST/STM32CubeIDE_1.17.0/STM32CubeIDE/plugins/com.st.stm32cube.ide.mcu.externaltools.gnu-tools-for-stm32.12.3.rel1.win32_1.1.0.202410251130/tools/bin/../lib/gcc/arm-none-eabi/12.3.1/../../../../arm-none-eabi/lib/thumb/v7e-m+dp/hard\libc_nano.a(libc_a-findfp.o) (__sread)
C:/ST/STM32CubeIDE_1.17.0/STM32CubeIDE/plugins/com.st.stm32cube.ide.mcu.externaltools.gnu-tools-for-stm32.12.3.rel1.win32_1.1.0.202410251130/tools/bin/../lib/gcc/arm-none-eabi/12.3.1/../../../../arm-none-eabi/lib/thumb/v7e-m+dp/hard\libc_nano.a(libc_a-memset.o)
                              C:/ST/STM32CubeIDE_1.17.0/STM32CubeIDE/plugins/com.st.stm32cube.ide.mcu.externaltools.gnu-tools-for-stm32.12.3.rel1.win32_1.1.0.202410251130/tools/bin/../lib/gcc/arm-none-eabi/12.3.1/../../../../arm-none-eabi/lib/thumb/v7e-m+dp/hard/crt0.o (memset)
C:/ST/STM32CubeIDE_1.17.0/STM32CubeIDE/plugins/com.st.stm32cube.ide.mcu.externaltools.gnu-tools-for-stm32.12.3.rel1.win32_1.1.0.202410251130/tools/bin/../lib/gcc/arm-none-eabi/12.3.1/../../../../arm-none-eabi/lib/thumb/v7e-m+dp/hard\libc_nano.a(libc_a-strcat.o)
                              ./Core/Src/main.o (strcat)
[...]
Memory Configuration

Name             Origin             Length             Attributes
ITCMRAM          0x00000000         0x00010000         xrw
DTCMRAM          0x20000000         0x00020000         xrw
FLASH            0x08000000         0x00080000         xr
RAM_D1           0x24000000         0x00050000         xrw
RAM_D2           0x30000000         0x00008000         xrw
RAM_D3           0x38000000         0x00004000         xrw
*default*        0x00000000         0xffffffff

Linker script and memory map

LOAD C:/ST/STM32CubeIDE_1.17.0/STM32CubeIDE/plugins/com.st.stm32cube.ide.mcu.externaltools.gnu-tools-for-stm32.12.3.rel1.win32_1.1.0.202410251130/tools/bin/../lib/gcc/arm-none-eabi/12.3.1/thumb/v7e-m+dp/hard/crti.o
LOAD C:/ST/STM32CubeIDE_1.17.0/STM32CubeIDE/plugins/com.st.stm32cube.ide.mcu.externaltools.gnu-tools-for-stm32.12.3.rel1.win32_1.1.0.202410251130/tools/bin/../lib/gcc/arm-none-eabi/12.3.1/thumb/v7e-m+dp/hard/crtbegin.o
LOAD C:/ST/STM32CubeIDE_1.17.0/STM32CubeIDE/plugins/com.st.stm32cube.ide.mcu.externaltools.gnu-tools-for-stm32.12.3.rel1.win32_1.1.0.202410251130/tools/bin/../lib/gcc/arm-none-eabi/12.3.1/../../../../arm-none-eabi/lib/thumb/v7e-m+dp/hard/crt0.o
LOAD ./Core/Src/main.o
LOAD ./Core/Src/stm32h7xx_hal_msp.o
LOAD ./Core/Src/stm32h7xx_it.o
LOAD ./Core/Src/syscalls.o
LOAD ./Core/Src/sysmem.o
LOAD ./Core/Src/system_stm32h7xx.o
LOAD ./Core/Startup/startup_stm32h725vetx.o
LOAD ./Drivers/STM32H7xx_HAL_Driver/Src/stm32h7xx_hal.o
LOAD ./Drivers/STM32H7xx_HAL_Driver/Src/stm32h7xx_hal_cortex.o
LOAD ./Drivers/STM32H7xx_HAL_Driver/Src/stm32h7xx_hal_dma.o
LOAD ./Drivers/STM32H7xx_HAL_Driver/Src/stm32h7xx_hal_dma_ex.o
LOAD ./Drivers/STM32H7xx_HAL_Driver/Src/stm32h7xx_hal_exti.o
LOAD ./Drivers/STM32H7xx_HAL_Driver/Src/stm32h7xx_hal_flash.o
LOAD ./Drivers/STM32H7xx_HAL_Driver/Src/stm32h7xx_hal_flash_ex.o
LOAD ./Drivers/STM32H7xx_HAL_Driver/Src/stm32h7xx_hal_gpio.o
LOAD ./Drivers/STM32H7xx_HAL_Driver/Src/stm32h7xx_hal_hsem.o
LOAD ./Drivers/STM32H7xx_HAL_Driver/Src/stm32h7xx_hal_i2c.o
LOAD ./Drivers/STM32H7xx_HAL_Driver/Src/stm32h7xx_hal_i2c_ex.o
LOAD ./Drivers/STM32H7xx_HAL_Driver/Src/stm32h7xx_hal_mdma.o
LOAD ./Drivers/STM32H7xx_HAL_Driver/Src/stm32h7xx_hal_nand.o
LOAD ./Drivers/STM32H7xx_HAL_Driver/Src/stm32h7xx_hal_nor.o
LOAD ./Drivers/STM32H7xx_HAL_Driver/Src/stm32h7xx_hal_ospi.o
LOAD ./Drivers/STM32H7xx_HAL_Driver/Src/stm32h7xx_hal_pcd.o
LOAD ./Drivers/STM32H7xx_HAL_Driver/Src/stm32h7xx_hal_pcd_ex.o
LOAD ./Drivers/STM32H7xx_HAL_Driver/Src/stm32h7xx_hal_pwr.o
LOAD ./Drivers/STM32H7xx_HAL_Driver/Src/stm32h7xx_hal_pwr_ex.o
LOAD ./Drivers/STM32H7xx_HAL_Driver/Src/stm32h7xx_hal_rcc.o
LOAD ./Drivers/STM32H7xx_HAL_Driver/Src/stm32h7xx_hal_rcc_ex.o
LOAD ./Drivers/STM32H7xx_HAL_Driver/Src/stm32h7xx_hal_sdram.o
LOAD ./Drivers/STM32H7xx_HAL_Driver/Src/stm32h7xx_hal_sram.o
LOAD ./Drivers/STM32H7xx_HAL_Driver/Src/stm32h7xx_hal_tim.o
LOAD ./Drivers/STM32H7xx_HAL_Driver/Src/stm32h7xx_hal_tim_ex.o
LOAD ./Drivers/STM32H7xx_HAL_Driver/Src/stm32h7xx_ll_fmc.o
LOAD ./Drivers/STM32H7xx_HAL_Driver/Src/stm32h7xx_ll_usb.o
LOAD ./Middlewares/ST/STM32_USB_Device_Library/Class/CDC/Src/usbd_cdc.o
LOAD ./Middlewares/ST/STM32_USB_Device_Library/Core/Src/usbd_core.o
LOAD ./Middlewares/ST/STM32_USB_Device_Library/Core/Src/usbd_ctlreq.o
LOAD ./Middlewares/ST/STM32_USB_Device_Library/Core/Src/usbd_ioreq.o
LOAD ./USB_DEVICE/App/usb_device.o
LOAD ./USB_DEVICE/App/usbd_cdc_if.o
LOAD ./USB_DEVICE/App/usbd_desc.o
LOAD ./USB_DEVICE/Target/usbd_conf.o
START GROUP
LOAD C:/ST/STM32CubeIDE_1.17.0/STM32CubeIDE/plugins/com.st.stm32cube.ide.mcu.externaltools.gnu-tools-for-stm32.12.3.rel1.win32_1.1.0.202410251130/tools/bin/../lib/gcc/arm-none-eabi/12.3.1/../../../../arm-none-eabi/lib/thumb/v7e-m+dp/hard\libstdc++_nano.a
LOAD C:/ST/STM32CubeIDE_1.17.0/STM32CubeIDE/plugins/com.st.stm32cube.ide.mcu.externaltools.gnu-tools-for-stm32.12.3.rel1.win32_1.1.0.202410251130/tools/bin/../lib/gcc/arm-none-eabi/12.3.1/../../../../arm-none-eabi/lib/thumb/v7e-m+dp/hard\libsupc++_nano.a
END GROUP
LOAD C:/ST/STM32CubeIDE_1.17.0/STM32CubeIDE/plugins/com.st.stm32cube.ide.mcu.externaltools.gnu-tools-for-stm32.12.3.rel1.win32_1.1.0.202410251130/tools/bin/../lib/gcc/arm-none-eabi/12.3.1/../../../../arm-none-eabi/lib/thumb/v7e-m+dp/hard\libstdc++_nano.a
LOAD C:/ST/STM32CubeIDE_1.17.0/STM32CubeIDE/plugins/com.st.stm32cube.ide.mcu.externaltools.gnu-tools-for-stm32.12.3.rel1.win32_1.1.0.202410251130/tools/bin/../lib/gcc/arm-none-eabi/12.3.1/../../../../arm-none-eabi/lib/thumb/v7e-m+dp/hard\libm.a
LOAD C:/ST/STM32CubeIDE_1.17.0/STM32CubeIDE/plugins/com.st.stm32cube.ide.mcu.externaltools.gnu-tools-for-stm32.12.3.rel1.win32_1.1.0.202410251130/tools/bin/../lib/gcc/arm-none-eabi/12.3.1/../../../../arm-none-eabi/lib/thumb/v7e-m+dp/hard\libc_nano.a
START GROUP
LOAD C:/ST/STM32CubeIDE_1.17.0/STM32CubeIDE/plugins/com.st.stm32cube.ide.mcu.externaltools.gnu-tools-for-stm32.12.3.rel1.win32_1.1.0.202410251130/tools/bin/../lib/gcc/arm-none-eabi/12.3.1/thumb/v7e-m+dp/hard\libgcc.a
LOAD C:/ST/STM32CubeIDE_1.17.0/STM32CubeIDE/plugins/com.st.stm32cube.ide.mcu.externaltools.gnu-tools-for-stm32.12.3.rel1.win32_1.1.0.202410251130/tools/bin/../lib/gcc/arm-none-eabi/12.3.1/../../../../arm-none-eabi/lib/thumb/v7e-m+dp/hard\libc_nano.a
END GROUP
START GROUP
LOAD C:/ST/STM32CubeIDE_1.17.0/STM32CubeIDE/plugins/com.st.stm32cube.ide.mcu.externaltools.gnu-tools-for-stm32.12.3.rel1.win32_1.1.0.202410251130/tools/bin/../lib/gcc/arm-none-eabi/12.3.1/thumb/v7e-m+dp/hard\libgcc.a
LOAD C:/ST/STM32CubeIDE_1.17.0/STM32CubeIDE/plugins/com.st.stm32cube.ide.mcu.externaltools.gnu-tools-for-stm32.12.3.rel1.win32_1.1.0.202410251130/tools/bin/../lib/gcc/arm-none-eabi/12.3.1/../../../../arm-none-eabi/lib/thumb/v7e-m+dp/hard\libc_nano.a
LOAD C:/ST/STM32CubeIDE_1.17.0/STM32CubeIDE/plugins/com.st.stm32cube.ide.mcu.externaltools.gnu-tools-for-stm32.12.3.rel1.win32_1.1.0.202410251130/tools/bin/../lib/gcc/arm-none-eabi/12.3.1/../../../../arm-none-eabi/lib/thumb/v7e-m+dp/hard\libnosys.a
END GROUP
START GROUP
LOAD C:/ST/STM32CubeIDE_1.17.0/STM32CubeIDE/plugins/com.st.stm32cube.ide.mcu.externaltools.gnu-tools-for-stm32.12.3.rel1.win32_1.1.0.202410251130/tools/bin/../lib/gcc/arm-none-eabi/12.3.1/thumb/v7e-m+dp/hard\libgcc.a
LOAD C:/ST/STM32CubeIDE_1.17.0/STM32CubeIDE/plugins/com.st.stm32cube.ide.mcu.externaltools.gnu-tools-for-stm32.12.3.rel1.win32_1.1.0.202410251130/tools/bin/../lib/gcc/arm-none-eabi/12.3.1/../../../../arm-none-eabi/lib/thumb/v7e-m+dp/hard\libc_nano.a
LOAD C:/ST/STM32CubeIDE_1.17.0/STM32CubeIDE/plugins/com.st.stm32cube.ide.mcu.externaltools.gnu-tools-for-stm32.12.3.rel1.win32_1.1.0.202410251130/tools/bin/../lib/gcc/arm-none-eabi/12.3.1/../../../../arm-none-eabi/lib/thumb/v7e-m+dp/hard\libnosys.a
END GROUP
LOAD C:/ST/STM32CubeIDE_1.17.0/STM32CubeIDE/plugins/com.st.stm32cube.ide.mcu.externaltools.gnu-tools-for-stm32.12.3.rel1.win32_1.1.0.202410251130/tools/bin/../lib/gcc/arm-none-eabi/12.3.1/thumb/v7e-m+dp/hard/crtend.o
LOAD C:/ST/STM32CubeIDE_1.17.0/STM32CubeIDE/plugins/com.st.stm32cube.ide.mcu.externaltools.gnu-tools-for-stm32.12.3.rel1.win32_1.1.0.202410251130/tools/bin/../lib/gcc/arm-none-eabi/12.3.1/thumb/v7e-m+dp/hard/crtn.o
                0x24050000                        _estack = (ORIGIN (RAM_D1) + LENGTH (RAM_D1))
                0x00000200                        _Min_Heap_Size = 0x200
                0x00000400                        _Min_Stack_Size = 0x400

.isr_vector     0x08000000      0x2cc
                0x08000000                        . = ALIGN (0x4)
 *(.isr_vector)
 .isr_vector    0x08000000      0x2cc ./Core/Startup/startup_stm32h725vetx.o
                0x08000000                g_pfnVectors
                0x080002cc                        . = ALIGN (0x4)

.text           0x080002d0     0xcc18
                0x080002d0                        . = ALIGN (0x4)
 *(.text)
 .text          0x080002d0       0x40 C:/ST/STM32CubeIDE_1.17.0/STM32CubeIDE/plugins/com.st.stm32cube.ide.mcu.externaltools.gnu-tools-for-stm32.12.3.rel1.win32_1.1.0.202410251130/tools/bin/../lib/gcc/arm-none-eabi/12.3.1/thumb/v7e-m+dp/hard/crtbegin.o
 .text          0x08000310       0x10 C:/ST/STM32CubeIDE_1.17.0/STM32CubeIDE/plugins/com.st.stm32cube.ide.mcu.externaltools.gnu-tools-for-stm32.12.3.rel1.win32_1.1.0.202410251130/tools/bin/../lib/gcc/arm-none-eabi/12.3.1/../../../../arm-none-eabi/lib/thumb/v7e-m+dp/hard\libc_nano.a(libc_a-strlen.o)
                0x08000310                strlen
 .text          0x08000320       0xa0 C:/ST/STM32CubeIDE_1.17.0/STM32CubeIDE/plugins/com.st.stm32cube.ide.mcu.externaltools.gnu-tools-for-stm32.12.3.rel1.win32_1.1.0.202410251130/tools/bin/../lib/gcc/arm-none-eabi/12.3.1/../../../../arm-none-eabi/lib/thumb/v7e-m+dp/hard\libc_nano.a(libc_a-memchr.o)
                0x08000320                memchr
 *(.text*)
 .text.uint32_to_str
                0x080003c0       0x38 ./Core/Src/main.o
                0x080003c0                uint32_to_str
 .text.main     0x080003f8       0xf4 ./Core/Src/main.o
                0x080003f8                main
 .text.SystemClock_Config
                0x080004ec      0x130 ./Core/Src/main.o
                0x080004ec                SystemClock_Config
 .text.MX_OCTOSPI1_Init
                0x0800061c       0xc0 ./Core/Src/main.o
 .text.MX_TIM2_Init
                0x080006dc       0x9c ./Core/Src/main.o
 .text.MX_TIM3_Init
                0x08000778       0xe4 ./Core/Src/main.o
 .text.MX_FMC_Init
                0x0800085c       0xc8 ./Core/Src/main.o
 .text.MX_GPIO_Init
                0x08000924      0x194 ./Core/Src/main.o
 .text.setLedColor
                0x08000ab8       0x98 ./Core/Src/main.o
                0x08000ab8                setLedColor
 .text.setTimeout
                0x08000b50       0x40 ./Core/Src/main.o
                0x08000b50                setTimeout
 .text.HAL_TIM_PeriodElapsedCallback
                0x08000b90       0x34 ./Core/Src/main.o
                0x08000b90                HAL_TIM_PeriodElapsedCallback
 .text.resetLed
                0x08000bc4       0x24 ./Core/Src/main.o
                0x08000bc4                resetLed
 .text.sendMessage
                0x08000be8       0x5c ./Core/Src/main.o
                0x08000be8                sendMessage
 .text.OctoSPI_SendCommand
                0x08000c44       0x88 ./Core/Src/main.o
                0x08000c44                OctoSPI_SendCommand
 .text.ReadFlashID
                0x08000ccc       0x2c ./Core/Src/main.o
                0x08000ccc                ReadFlashID
 .text.EnableQuadSPI
                0x08000cf8       0x90 ./Core/Src/main.o
                0x08000cf8                EnableQuadSPI
 .text.Error_Handler
                0x08000d88       0x6c ./Core/Src/main.o
                0x08000d88                Error_Handler
 .text.HAL_MspInit
                0x08000df4       0x34 ./Core/Src/stm32h7xx_hal_msp.o
                0x08000df4                HAL_MspInit
 .text.HAL_OSPI_MspInit
                0x08000e28      0x200 ./Core/Src/stm32h7xx_hal_msp.o
                0x08000e28                HAL_OSPI_MspInit
 .text.HAL_TIM_Base_MspInit
                0x08001028       0x4c ./Core/Src/stm32h7xx_hal_msp.o
                0x08001028                HAL_TIM_Base_MspInit
 .text.HAL_TIM_PWM_MspInit
                0x08001074       0x44 ./Core/Src/stm32h7xx_hal_msp.o
                0x08001074                HAL_TIM_PWM_MspInit
 .text.HAL_TIM_MspPostInit
                0x080010b8       0xb8 ./Core/Src/stm32h7xx_hal_msp.o
                0x080010b8                HAL_TIM_MspPostInit
 .text.HAL_FMC_MspInit
                0x08001170      0x1cc ./Core/Src/stm32h7xx_hal_msp.o
 .text.HAL_SRAM_MspInit
                0x0800133c       0x14 ./Core/Src/stm32h7xx_hal_msp.o
                0x0800133c                HAL_SRAM_MspInit
 .text.NMI_Handler
                0x08001350        0x8 ./Core/Src/stm32h7xx_it.o
                0x08001350                NMI_Handler
 .text.HardFault_Handler
                0x08001358        0x8 ./Core/Src/stm32h7xx_it.o
                0x08001358                HardFault_Handler
 .text.MemManage_Handler
                0x08001360        0x8 ./Core/Src/stm32h7xx_it.o
                0x08001360                MemManage_Handler
 .text.BusFault_Handler
                0x08001368        0x8 ./Core/Src/stm32h7xx_it.o
                0x08001368                BusFault_Handler
 .text.UsageFault_Handler
                0x08001370        0x8 ./Core/Src/stm32h7xx_it.o
                0x08001370                UsageFault_Handler
 .text.SVC_Handler
                0x08001378        0xe ./Core/Src/stm32h7xx_it.o
                0x08001378                SVC_Handler
 .text.DebugMon_Handler
                0x08001386        0xe ./Core/Src/stm32h7xx_it.o
                0x08001386                DebugMon_Handler
 .text.PendSV_Handler
                0x08001394        0xe ./Core/Src/stm32h7xx_it.o
                0x08001394                PendSV_Handler
 .text.SysTick_Handler
                0x080013a2        0xc ./Core/Src/stm32h7xx_it.o
                0x080013a2                SysTick_Handler
 *fill*         0x080013ae        0x2 
 .text.TIM2_IRQHandler
                0x080013b0       0x14 ./Core/Src/stm32h7xx_it.o
                0x080013b0                TIM2_IRQHandler
 .text.OTG_HS_IRQHandler
                0x080013c4       0x14 ./Core/Src/stm32h7xx_it.o
                0x080013c4                OTG_HS_IRQHandler
 .text._sbrk    0x080013d8       0x6c ./Core/Src/sysmem.o
                0x080013d8                _sbrk
 .text.SystemInit
                0x08001444      0x120 ./Core/Src/system_stm32h7xx.o
                0x08001444                SystemInit
 .text.ExitRun0Mode
                0x08001564       0x30 ./Core/Src/system_stm32h7xx.o
                0x08001564                ExitRun0Mode
 .text.Reset_Handler
                0x08001594       0x54 ./Core/Startup/startup_stm32h725vetx.o
                0x08001594                Reset_Handler
 .text.Default_Handler
                0x080015e8        0x2 ./Core/Startup/startup_stm32h725vetx.o
                0x080015e8                RTC_Alarm_IRQHandler
                0x080015e8                EXTI2_IRQHandler
                0x080015e8                TIM8_CC_IRQHandler
                0x080015e8                UART8_IRQHandler
                0x080015e8                SPI4_IRQHandler
                0x080015e8                FDCAN3_IT0_IRQHandler
                0x080015e8                TIM1_CC_IRQHandler
                0x080015e8                BDMA_Channel6_IRQHandler
                0x080015e8                DMA2_Stream5_IRQHandler
                0x080015e8                DMA1_Stream5_IRQHandler
                0x080015e8                CORDIC_IRQHandler
                0x080015e8                BDMA_Channel1_IRQHandler
                0x080015e8                TAMP_STAMP_IRQHandler
                0x080015e8                EXTI3_IRQHandler
                0x080015e8                LPTIM4_IRQHandler
                0x080015e8                TIM8_TRG_COM_TIM14_IRQHandler
                0x080015e8                LPTIM2_IRQHandler
                0x080015e8                DFSDM1_FLT1_IRQHandler
                0x080015e8                DMAMUX2_OVR_IRQHandler
                0x080015e8                TIM8_UP_TIM13_IRQHandler
                0x080015e8                I2C3_ER_IRQHandler
                0x080015e8                DFSDM1_FLT2_IRQHandler
                0x080015e8                I2C5_EV_IRQHandler
                0x080015e8                USART10_IRQHandler
                0x080015e8                MDMA_IRQHandler
                0x080015e8                LPTIM3_IRQHandler
                0x080015e8                HSEM1_IRQHandler
                0x080015e8                EXTI0_IRQHandler
                0x080015e8                I2C2_EV_IRQHandler
                0x080015e8                DMA1_Stream2_IRQHandler
                0x080015e8                FPU_IRQHandler
                0x080015e8                OTG_HS_WKUP_IRQHandler
                0x080015e8                FDCAN1_IT1_IRQHandler
                0x080015e8                LTDC_ER_IRQHandler
                0x080015e8                DMA2_Stream2_IRQHandler
                0x080015e8                SPI1_IRQHandler
                0x080015e8                OCTOSPI1_IRQHandler
                0x080015e8                TIM6_DAC_IRQHandler
                0x080015e8                DMA2_Stream3_IRQHandler
                0x080015e8                OCTOSPI2_IRQHandler
                0x080015e8                DFSDM1_FLT3_IRQHandler
                0x080015e8                TIM23_IRQHandler
                0x080015e8                USART6_IRQHandler
                0x080015e8                TIM17_IRQHandler
                0x080015e8                USART3_IRQHandler
                0x080015e8                BDMA_Channel7_IRQHandler
                0x080015e8                LPTIM5_IRQHandler
                0x080015e8                UART5_IRQHandler
                0x080015e8                ADC3_IRQHandler
                0x080015e8                DMA2_Stream0_IRQHandler
                0x080015e8                TIM4_IRQHandler
                0x080015e8                BDMA_Channel2_IRQHandler
                0x080015e8                I2C1_EV_IRQHandler
                0x080015e8                DMA1_Stream6_IRQHandler
                0x080015e8                DMAMUX1_OVR_IRQHandler
                0x080015e8                DMA1_Stream1_IRQHandler
                0x080015e8                TIM16_IRQHandler
                0x080015e8                UART4_IRQHandler
                0x080015e8                BDMA_Channel5_IRQHandler
                0x080015e8                TIM3_IRQHandler
                0x080015e8                RCC_IRQHandler
                0x080015e8                UART9_IRQHandler
                0x080015e8                TIM8_BRK_TIM12_IRQHandler
                0x080015e8                TIM1_TRG_COM_IRQHandler
                0x080015e8                Default_Handler
                0x080015e8                ECC_IRQHandler
                0x080015e8                FMAC_IRQHandler
                0x080015e8                CEC_IRQHandler
                0x080015e8                EXTI15_10_IRQHandler
                0x080015e8                BDMA_Channel0_IRQHandler
                0x080015e8                ADC_IRQHandler
                0x080015e8                I2C5_ER_IRQHandler
                0x080015e8                DMA1_Stream7_IRQHandler
                0x080015e8                SPI5_IRQHandler
                0x080015e8                TIM7_IRQHandler
                0x080015e8                FDCAN3_IT1_IRQHandler
                0x080015e8                SDMMC1_IRQHandler
                0x080015e8                TIM5_IRQHandler
                0x080015e8                DMA2_Stream7_IRQHandler
                0x080015e8                TIM15_IRQHandler
                0x080015e8                PVD_AVD_IRQHandler
                0x080015e8                I2C3_EV_IRQHandler
                0x080015e8                EXTI9_5_IRQHandler
                0x080015e8                RTC_WKUP_IRQHandler
                0x080015e8                LTDC_IRQHandler
                0x080015e8                ETH_WKUP_IRQHandler
                0x080015e8                SPDIF_RX_IRQHandler
                0x080015e8                SPI2_IRQHandler
                0x080015e8                OTG_HS_EP1_IN_IRQHandler
                0x080015e8                DMA1_Stream0_IRQHandler
                0x080015e8                TIM24_IRQHandler
                0x080015e8                CRS_IRQHandler
                0x080015e8                EXTI4_IRQHandler
                0x080015e8                RNG_IRQHandler
                0x080015e8                FDCAN2_IT1_IRQHandler
                0x080015e8                ETH_IRQHandler
                0x080015e8                TIM1_UP_IRQHandler
                0x080015e8                BDMA_Channel4_IRQHandler
                0x080015e8                OTG_HS_EP1_OUT_IRQHandler
                0x080015e8                WWDG_IRQHandler
                0x080015e8                SPI6_IRQHandler
                0x080015e8                MDIOS_IRQHandler
                0x080015e8                I2C4_EV_IRQHandler
                0x080015e8                FDCAN2_IT0_IRQHandler
                0x080015e8                LPUART1_IRQHandler
                0x080015e8                FDCAN1_IT0_IRQHandler
                0x080015e8                DMA2D_IRQHandler
                0x080015e8                TIM1_BRK_IRQHandler
                0x080015e8                EXTI1_IRQHandler
                0x080015e8                SDMMC2_IRQHandler
                0x080015e8                BDMA_Channel3_IRQHandler
                0x080015e8                DTS_IRQHandler
                0x080015e8                UART7_IRQHandler
                0x080015e8                MDIOS_WKUP_IRQHandler
                0x080015e8                USART2_IRQHandler
                0x080015e8                DFSDM1_FLT0_IRQHandler
                0x080015e8                SAI4_IRQHandler
                0x080015e8                I2C2_ER_IRQHandler
                0x080015e8                DMA2_Stream1_IRQHandler
                0x080015e8                FLASH_IRQHandler
                0x080015e8                DMA2_Stream4_IRQHandler
                0x080015e8                USART1_IRQHandler
                0x080015e8                SPI3_IRQHandler
                0x080015e8                WAKEUP_PIN_IRQHandler
                0x080015e8                DMA1_Stream4_IRQHandler
                0x080015e8                I2C1_ER_IRQHandler
                0x080015e8                FMC_IRQHandler
                0x080015e8                FDCAN_CAL_IRQHandler
                0x080015e8                SWPMI1_IRQHandler
                0x080015e8                COMP1_IRQHandler
                0x080015e8                LPTIM1_IRQHandler
                0x080015e8                DCMI_PSSI_IRQHandler
                0x080015e8                I2C4_ER_IRQHandler
                0x080015e8                DMA2_Stream6_IRQHandler
                0x080015e8                SAI1_IRQHandler
                0x080015e8                DMA1_Stream3_IRQHandler
 *fill*         0x080015ea        0x2 
 .text.HAL_Init
                0x080015ec       0x78 ./Drivers/STM32H7xx_HAL_Driver/Src/stm32h7xx_hal.o
                0x080015ec                HAL_Init
 .text.HAL_InitTick
                0x08001664       0x6c ./Drivers/STM32H7xx_HAL_Driver/Src/stm32h7xx_hal.o
                0x08001664                HAL_InitTick
 .text.HAL_IncTick
                0x080016d0       0x28 ./Drivers/STM32H7xx_HAL_Driver/Src/stm32h7xx_hal.o
                0x080016d0                HAL_IncTick
 .text.HAL_GetTick
                0x080016f8       0x18 ./Drivers/STM32H7xx_HAL_Driver/Src/stm32h7xx_hal.o
                0x080016f8                HAL_GetTick
 .text.HAL_Delay
                0x08001710       0x48 ./Drivers/STM32H7xx_HAL_Driver/Src/stm32h7xx_hal.o
                0x08001710                HAL_Delay
 .text.HAL_GetREVID
                0x08001758       0x18 ./Drivers/STM32H7xx_HAL_Driver/Src/stm32h7xx_hal.o
                0x08001758                HAL_GetREVID
 .text.__NVIC_SetPriorityGrouping
                0x08001770       0x48 ./Drivers/STM32H7xx_HAL_Driver/Src/stm32h7xx_hal_cortex.o
 .text.__NVIC_GetPriorityGrouping
                0x080017b8       0x1c ./Drivers/STM32H7xx_HAL_Driver/Src/stm32h7xx_hal_cortex.o
 .text.__NVIC_EnableIRQ
                0x080017d4       0x3c ./Drivers/STM32H7xx_HAL_Driver/Src/stm32h7xx_hal_cortex.o
 .text.__NVIC_SetPriority
                0x08001810       0x54 ./Drivers/STM32H7xx_HAL_Driver/Src/stm32h7xx_hal_cortex.o
 .text.NVIC_EncodePriority
                0x08001864       0x66 ./Drivers/STM32H7xx_HAL_Driver/Src/stm32h7xx_hal_cortex.o
 *fill*         0x080018ca        0x2 
 .text.SysTick_Config
                0x080018cc       0x44 ./Drivers/STM32H7xx_HAL_Driver/Src/stm32h7xx_hal_cortex.o
 .text.HAL_NVIC_SetPriorityGrouping
                0x08001910       0x16 ./Drivers/STM32H7xx_HAL_Driver/Src/stm32h7xx_hal_cortex.o
                0x08001910                HAL_NVIC_SetPriorityGrouping
 .text.HAL_NVIC_SetPriority
                0x08001926       0x34 ./Drivers/STM32H7xx_HAL_Driver/Src/stm32h7xx_hal_cortex.o
                0x08001926                HAL_NVIC_SetPriority
 .text.HAL_NVIC_EnableIRQ
                0x0800195a       0x1c ./Drivers/STM32H7xx_HAL_Driver/Src/stm32h7xx_hal_cortex.o
                0x0800195a                HAL_NVIC_EnableIRQ
 .text.HAL_SYSTICK_Config
                0x08001976       0x18 ./Drivers/STM32H7xx_HAL_Driver/Src/stm32h7xx_hal_cortex.o
                0x08001976                HAL_SYSTICK_Config
 *fill*         0x0800198e        0x2 
 .text.HAL_GPIO_Init
                0x08001990      0x350 ./Drivers/STM32H7xx_HAL_Driver/Src/stm32h7xx_hal_gpio.o
                0x08001990                HAL_GPIO_Init
 .text.HAL_GPIO_WritePin
                0x08001ce0       0x32 ./Drivers/STM32H7xx_HAL_Driver/Src/stm32h7xx_hal_gpio.o
                0x08001ce0                HAL_GPIO_WritePin
 *fill*         0x08001d12        0x2 
 .text.HAL_OSPI_Init
                0x08001d14      0x178 ./Drivers/STM32H7xx_HAL_Driver/Src/stm32h7xx_hal_ospi.o
                0x08001d14                HAL_OSPI_Init
 .text.HAL_OSPI_Command
                0x08001e8c      0x11a ./Drivers/STM32H7xx_HAL_Driver/Src/stm32h7xx_hal_ospi.o
                0x08001e8c                HAL_OSPI_Command
 .text.HAL_OSPI_Transmit
                0x08001fa6       0xe6 ./Drivers/STM32H7xx_HAL_Driver/Src/stm32h7xx_hal_ospi.o
                0x08001fa6                HAL_OSPI_Transmit
 .text.HAL_OSPI_Receive
                0x0800208c      0x146 ./Drivers/STM32H7xx_HAL_Driver/Src/stm32h7xx_hal_ospi.o
                0x0800208c                HAL_OSPI_Receive
 .text.HAL_OSPI_SetTimeout
                0x080021d2       0x1e ./Drivers/STM32H7xx_HAL_Driver/Src/stm32h7xx_hal_ospi.o
                0x080021d2                HAL_OSPI_SetTimeout
 .text.HAL_OSPIM_Config
                0x080021f0      0x9d8 ./Drivers/STM32H7xx_HAL_Driver/Src/stm32h7xx_hal_ospi.o
                0x080021f0                HAL_OSPIM_Config
 .text.OSPI_WaitFlagStateUntilTimeout
                0x08002bc8       0x6e ./Drivers/STM32H7xx_HAL_Driver/Src/stm32h7xx_hal_ospi.o
 *fill*         0x08002c36        0x2 
 .text.OSPI_ConfigCmd
                0x08002c38      0x2f4 ./Drivers/STM32H7xx_HAL_Driver/Src/stm32h7xx_hal_ospi.o
 .text.OSPIM_GetConfig
                0x08002f2c      0x174 ./Drivers/STM32H7xx_HAL_Driver/Src/stm32h7xx_hal_ospi.o
 .text.HAL_PCD_Init
                0x080030a0      0x218 ./Drivers/STM32H7xx_HAL_Driver/Src/stm32h7xx_hal_pcd.o
                0x080030a0                HAL_PCD_Init
 .text.HAL_PCD_Start
                0x080032b8       0x6a ./Drivers/STM32H7xx_HAL_Driver/Src/stm32h7xx_hal_pcd.o
                0x080032b8                HAL_PCD_Start
 .text.HAL_PCD_IRQHandler
                0x08003322      0x99c ./Drivers/STM32H7xx_HAL_Driver/Src/stm32h7xx_hal_pcd.o
                0x08003322                HAL_PCD_IRQHandler
 .text.HAL_PCD_SetAddress
                0x08003cbe       0x48 ./Drivers/STM32H7xx_HAL_Driver/Src/stm32h7xx_hal_pcd.o
                0x08003cbe                HAL_PCD_SetAddress
 .text.HAL_PCD_EP_Open
                0x08003d06       0xd4 ./Drivers/STM32H7xx_HAL_Driver/Src/stm32h7xx_hal_pcd.o
                0x08003d06                HAL_PCD_EP_Open
 .text.HAL_PCD_EP_Close
                0x08003dda       0x94 ./Drivers/STM32H7xx_HAL_Driver/Src/stm32h7xx_hal_pcd.o
                0x08003dda                HAL_PCD_EP_Close
 .text.HAL_PCD_EP_Receive
                0x08003e6e       0x76 ./Drivers/STM32H7xx_HAL_Driver/Src/stm32h7xx_hal_pcd.o
                0x08003e6e                HAL_PCD_EP_Receive
 .text.HAL_PCD_EP_GetRxCount
                0x08003ee4       0x30 ./Drivers/STM32H7xx_HAL_Driver/Src/stm32h7xx_hal_pcd.o
                0x08003ee4                HAL_PCD_EP_GetRxCount
 .text.HAL_PCD_EP_Transmit
                0x08003f14       0x74 ./Drivers/STM32H7xx_HAL_Driver/Src/stm32h7xx_hal_pcd.o
                0x08003f14                HAL_PCD_EP_Transmit
 .text.HAL_PCD_EP_SetStall
                0x08003f88       0xc6 ./Drivers/STM32H7xx_HAL_Driver/Src/stm32h7xx_hal_pcd.o
                0x08003f88                HAL_PCD_EP_SetStall
 .text.HAL_PCD_EP_ClrStall
                0x0800404e       0xac ./Drivers/STM32H7xx_HAL_Driver/Src/stm32h7xx_hal_pcd.o
                0x0800404e                HAL_PCD_EP_ClrStall
 .text.HAL_PCD_EP_Abort
                0x080040fa       0x62 ./Drivers/STM32H7xx_HAL_Driver/Src/stm32h7xx_hal_pcd.o
                0x080040fa                HAL_PCD_EP_Abort
 .text.PCD_WriteEmptyTxFifo
                0x0800415c      0x118 ./Drivers/STM32H7xx_HAL_Driver/Src/stm32h7xx_hal_pcd.o
 .text.PCD_EP_OutXfrComplete_int
                0x08004274      0x1d0 ./Drivers/STM32H7xx_HAL_Driver/Src/stm32h7xx_hal_pcd.o
 .text.PCD_EP_OutSetupPacket_int
                0x08004444       0x8c ./Drivers/STM32H7xx_HAL_Driver/Src/stm32h7xx_hal_pcd.o
 .text.HAL_PCDEx_SetTxFiFo
                0x080044d0       0x8e ./Drivers/STM32H7xx_HAL_Driver/Src/stm32h7xx_hal_pcd_ex.o
                0x080044d0                HAL_PCDEx_SetTxFiFo
 .text.HAL_PCDEx_SetRxFiFo
                0x0800455e       0x22 ./Drivers/STM32H7xx_HAL_Driver/Src/stm32h7xx_hal_pcd_ex.o
                0x0800455e                HAL_PCDEx_SetRxFiFo
 .text.HAL_PCDEx_ActivateLPM
                0x08004580       0x48 ./Drivers/STM32H7xx_HAL_Driver/Src/stm32h7xx_hal_pcd_ex.o
                0x08004580                HAL_PCDEx_ActivateLPM
 .text.HAL_PCDEx_LPM_Callback
                0x080045c8       0x18 ./Drivers/STM32H7xx_HAL_Driver/Src/stm32h7xx_hal_pcd_ex.o
                0x080045c8                HAL_PCDEx_LPM_Callback
 .text.HAL_PWR_EnableBkUpAccess
                0x080045e0       0x20 ./Drivers/STM32H7xx_HAL_Driver/Src/stm32h7xx_hal_pwr.o
                0x080045e0                HAL_PWR_EnableBkUpAccess
 .text.HAL_PWREx_ConfigSupply
                0x08004600       0xb4 ./Drivers/STM32H7xx_HAL_Driver/Src/stm32h7xx_hal_pwr_ex.o
                0x08004600                HAL_PWREx_ConfigSupply
 .text.HAL_PWREx_EnableUSBVoltageDetector
                0x080046b4       0x20 ./Drivers/STM32H7xx_HAL_Driver/Src/stm32h7xx_hal_pwr_ex.o
                0x080046b4                HAL_PWREx_EnableUSBVoltageDetector
 .text.HAL_RCC_OscConfig
                0x080046d4      0x7b4 ./Drivers/STM32H7xx_HAL_Driver/Src/stm32h7xx_hal_rcc.o
                0x080046d4                HAL_RCC_OscConfig
 .text.HAL_RCC_ClockConfig
                0x08004e88      0x36c ./Drivers/STM32H7xx_HAL_Driver/Src/stm32h7xx_hal_rcc.o
                0x08004e88                HAL_RCC_ClockConfig
 .text.HAL_RCC_GetSysClockFreq
                0x080051f4      0x2f4 ./Drivers/STM32H7xx_HAL_Driver/Src/stm32h7xx_hal_rcc.o
                0x080051f4                HAL_RCC_GetSysClockFreq
 .text.HAL_RCC_GetHCLKFreq
                0x080054e8       0x60 ./Drivers/STM32H7xx_HAL_Driver/Src/stm32h7xx_hal_rcc.o
                0x080054e8                HAL_RCC_GetHCLKFreq
 .text.HAL_RCCEx_PeriphCLKConfig
                0x08005548     0x1340 ./Drivers/STM32H7xx_HAL_Driver/Src/stm32h7xx_hal_rcc_ex.o
                0x08005548                HAL_RCCEx_PeriphCLKConfig
 .text.HAL_RCCEx_CRSConfig
                0x08006888       0xac ./Drivers/STM32H7xx_HAL_Driver/Src/stm32h7xx_hal_rcc_ex.o
                0x08006888                HAL_RCCEx_CRSConfig
 .text.RCCEx_PLL2_Config
                0x08006934      0x164 ./Drivers/STM32H7xx_HAL_Driver/Src/stm32h7xx_hal_rcc_ex.o
 .text.RCCEx_PLL3_Config
                0x08006a98      0x164 ./Drivers/STM32H7xx_HAL_Driver/Src/stm32h7xx_hal_rcc_ex.o
 .text.HAL_SRAM_Init
                0x08006bfc       0xa0 ./Drivers/STM32H7xx_HAL_Driver/Src/stm32h7xx_hal_sram.o
                0x08006bfc                HAL_SRAM_Init
 .text.HAL_TIM_Base_Init
                0x08006c9c       0xae ./Drivers/STM32H7xx_HAL_Driver/Src/stm32h7xx_hal_tim.o
                0x08006c9c                HAL_TIM_Base_Init
 *fill*         0x08006d4a        0x2 
 .text.HAL_TIM_Base_Start_IT
                0x08006d4c      0x10c ./Drivers/STM32H7xx_HAL_Driver/Src/stm32h7xx_hal_tim.o
                0x08006d4c                HAL_TIM_Base_Start_IT
 .text.HAL_TIM_Base_Stop_IT
                0x08006e58       0x5e ./Drivers/STM32H7xx_HAL_Driver/Src/stm32h7xx_hal_tim.o
                0x08006e58                HAL_TIM_Base_Stop_IT
 .text.HAL_TIM_PWM_Init
                0x08006eb6       0xae ./Drivers/STM32H7xx_HAL_Driver/Src/stm32h7xx_hal_tim.o
                0x08006eb6                HAL_TIM_PWM_Init
 .text.HAL_TIM_PWM_Start
                0x08006f64      0x238 ./Drivers/STM32H7xx_HAL_Driver/Src/stm32h7xx_hal_tim.o
                0x08006f64                HAL_TIM_PWM_Start
 .text.HAL_TIM_IRQHandler
                0x0800719c      0x20e ./Drivers/STM32H7xx_HAL_Driver/Src/stm32h7xx_hal_tim.o
                0x0800719c                HAL_TIM_IRQHandler
 *fill*         0x080073aa        0x2 
 .text.HAL_TIM_PWM_ConfigChannel
                0x080073ac      0x228 ./Drivers/STM32H7xx_HAL_Driver/Src/stm32h7xx_hal_tim.o
                0x080073ac                HAL_TIM_PWM_ConfigChannel
 .text.HAL_TIM_ConfigClockSource
                0x080075d4      0x1f0 ./Drivers/STM32H7xx_HAL_Driver/Src/stm32h7xx_hal_tim.o
                0x080075d4                HAL_TIM_ConfigClockSource
 .text.HAL_TIM_OC_DelayElapsedCallback
                0x080077c4       0x14 ./Drivers/STM32H7xx_HAL_Driver/Src/stm32h7xx_hal_tim.o
                0x080077c4                HAL_TIM_OC_DelayElapsedCallback
 .text.HAL_TIM_IC_CaptureCallback
                0x080077d8       0x14 ./Drivers/STM32H7xx_HAL_Driver/Src/stm32h7xx_hal_tim.o
                0x080077d8                HAL_TIM_IC_CaptureCallback
 .text.HAL_TIM_PWM_PulseFinishedCallback
                0x080077ec       0x14 ./Drivers/STM32H7xx_HAL_Driver/Src/stm32h7xx_hal_tim.o
                0x080077ec                HAL_TIM_PWM_PulseFinishedCallback
 .text.HAL_TIM_TriggerCallback
                0x08007800       0x14 ./Drivers/STM32H7xx_HAL_Driver/Src/stm32h7xx_hal_tim.o
                0x08007800                HAL_TIM_TriggerCallback
 .text.TIM_Base_SetConfig
                0x08007814      0x158 ./Drivers/STM32H7xx_HAL_Driver/Src/stm32h7xx_hal_tim.o
                0x08007814                TIM_Base_SetConfig
 .text.TIM_OC1_SetConfig
                0x0800796c      0x120 ./Drivers/STM32H7xx_HAL_Driver/Src/stm32h7xx_hal_tim.o
 .text.TIM_OC2_SetConfig
                0x08007a8c      0x114 ./Drivers/STM32H7xx_HAL_Driver/Src/stm32h7xx_hal_tim.o
                0x08007a8c                TIM_OC2_SetConfig
 .text.TIM_OC3_SetConfig
                0x08007ba0      0x110 ./Drivers/STM32H7xx_HAL_Driver/Src/stm32h7xx_hal_tim.o
 .text.TIM_OC4_SetConfig
                0x08007cb0       0xd4 ./Drivers/STM32H7xx_HAL_Driver/Src/stm32h7xx_hal_tim.o
 .text.TIM_OC5_SetConfig
                0x08007d84       0xc8 ./Drivers/STM32H7xx_HAL_Driver/Src/stm32h7xx_hal_tim.o
 .text.TIM_OC6_SetConfig
                0x08007e4c       0xcc ./Drivers/STM32H7xx_HAL_Driver/Src/stm32h7xx_hal_tim.o
 .text.TIM_TI1_ConfigInputStage
                0x08007f18       0x5e ./Drivers/STM32H7xx_HAL_Driver/Src/stm32h7xx_hal_tim.o
 .text.TIM_TI2_ConfigInputStage
                0x08007f76       0x60 ./Drivers/STM32H7xx_HAL_Driver/Src/stm32h7xx_hal_tim.o
 *fill*         0x08007fd6        0x2 
 .text.TIM_ITRx_SetConfig
                0x08007fd8       0x3c ./Drivers/STM32H7xx_HAL_Driver/Src/stm32h7xx_hal_tim.o
 .text.TIM_ETR_SetConfig
                0x08008014       0x40 ./Drivers/STM32H7xx_HAL_Driver/Src/stm32h7xx_hal_tim.o
                0x08008014                TIM_ETR_SetConfig
 .text.TIM_CCxChannelCmd
                0x08008054       0x4a ./Drivers/STM32H7xx_HAL_Driver/Src/stm32h7xx_hal_tim.o
                0x08008054                TIM_CCxChannelCmd
 *fill*         0x0800809e        0x2 
 .text.HAL_TIMEx_MasterConfigSynchronization
                0x080080a0      0x138 ./Drivers/STM32H7xx_HAL_Driver/Src/stm32h7xx_hal_tim_ex.o
                0x080080a0                HAL_TIMEx_MasterConfigSynchronization
 .text.HAL_TIMEx_CommutCallback
                0x080081d8       0x14 ./Drivers/STM32H7xx_HAL_Driver/Src/stm32h7xx_hal_tim_ex.o
                0x080081d8                HAL_TIMEx_CommutCallback
 .text.HAL_TIMEx_BreakCallback
                0x080081ec       0x14 ./Drivers/STM32H7xx_HAL_Driver/Src/stm32h7xx_hal_tim_ex.o
                0x080081ec                HAL_TIMEx_BreakCallback
 .text.HAL_TIMEx_Break2Callback
                0x08008200       0x14 ./Drivers/STM32H7xx_HAL_Driver/Src/stm32h7xx_hal_tim_ex.o
                0x08008200                HAL_TIMEx_Break2Callback
 .text.FMC_NORSRAM_Init
                0x08008214      0x120 ./Drivers/STM32H7xx_HAL_Driver/Src/stm32h7xx_ll_fmc.o
                0x08008214                FMC_NORSRAM_Init
 .text.FMC_NORSRAM_Timing_Init
                0x08008334       0x92 ./Drivers/STM32H7xx_HAL_Driver/Src/stm32h7xx_ll_fmc.o
                0x08008334                FMC_NORSRAM_Timing_Init
 *fill*         0x080083c6        0x2 
 .text.FMC_NORSRAM_Extended_Timing_Init
                0x080083c8       0x70 ./Drivers/STM32H7xx_HAL_Driver/Src/stm32h7xx_ll_fmc.o
                0x080083c8                FMC_NORSRAM_Extended_Timing_Init
 .text.USB_CoreInit
                0x08008438       0xe4 ./Drivers/STM32H7xx_HAL_Driver/Src/stm32h7xx_ll_usb.o
                0x08008438                USB_CoreInit
 .text.USB_SetTurnaroundTime
                0x0800851c      0x144 ./Drivers/STM32H7xx_HAL_Driver/Src/stm32h7xx_ll_usb.o
                0x0800851c                USB_SetTurnaroundTime
 .text.USB_EnableGlobalInt
                0x08008660       0x22 ./Drivers/STM32H7xx_HAL_Driver/Src/stm32h7xx_ll_usb.o
                0x08008660                USB_EnableGlobalInt
 .text.USB_DisableGlobalInt
                0x08008682       0x22 ./Drivers/STM32H7xx_HAL_Driver/Src/stm32h7xx_ll_usb.o
                0x08008682                USB_DisableGlobalInt
 .text.USB_SetCurrentMode
                0x080086a4       0x98 ./Drivers/STM32H7xx_HAL_Driver/Src/stm32h7xx_ll_usb.o
                0x080086a4                USB_SetCurrentMode
 .text.USB_DevInit
                0x0800873c      0x2bc ./Drivers/STM32H7xx_HAL_Driver/Src/stm32h7xx_ll_usb.o
                0x0800873c                USB_DevInit
 .text.USB_FlushTxFifo
                0x080089f8       0x64 ./Drivers/STM32H7xx_HAL_Driver/Src/stm32h7xx_ll_usb.o
                0x080089f8                USB_FlushTxFifo
 .text.USB_FlushRxFifo
                0x08008a5c       0x5c ./Drivers/STM32H7xx_HAL_Driver/Src/stm32h7xx_ll_usb.o
                0x08008a5c                USB_FlushRxFifo
 .text.USB_SetDevSpeed
                0x08008ab8       0x32 ./Drivers/STM32H7xx_HAL_Driver/Src/stm32h7xx_ll_usb.o
                0x08008ab8                USB_SetDevSpeed
 .text.USB_GetDevSpeed
                0x08008aea       0x4a ./Drivers/STM32H7xx_HAL_Driver/Src/stm32h7xx_ll_usb.o
                0x08008aea                USB_GetDevSpeed
 .text.USB_ActivateEndpoint
                0x08008b34      0x110 ./Drivers/STM32H7xx_HAL_Driver/Src/stm32h7xx_ll_usb.o
                0x08008b34                USB_ActivateEndpoint
 .text.USB_DeactivateEndpoint
                0x08008c44      0x1b8 ./Drivers/STM32H7xx_HAL_Driver/Src/stm32h7xx_ll_usb.o
                0x08008c44                USB_DeactivateEndpoint
 .text.USB_EPStartXfer
                0x08008dfc      0x548 ./Drivers/STM32H7xx_HAL_Driver/Src/stm32h7xx_ll_usb.o
                0x08008dfc                USB_EPStartXfer
 .text.USB_EPStopXfer
                0x08009344      0x154 ./Drivers/STM32H7xx_HAL_Driver/Src/stm32h7xx_ll_usb.o
                0x08009344                USB_EPStopXfer
 .text.USB_WritePacket
                0x08009498       0x7c ./Drivers/STM32H7xx_HAL_Driver/Src/stm32h7xx_ll_usb.o
                0x08009498                USB_WritePacket
 .text.USB_ReadPacket
                0x08009514       0xb0 ./Drivers/STM32H7xx_HAL_Driver/Src/stm32h7xx_ll_usb.o
                0x08009514                USB_ReadPacket
 .text.USB_EPSetStall
                0x080095c4       0xdc ./Drivers/STM32H7xx_HAL_Driver/Src/stm32h7xx_ll_usb.o
                0x080095c4                USB_EPSetStall
 .text.USB_EPClearStall
                0x080096a0       0xcc ./Drivers/STM32H7xx_HAL_Driver/Src/stm32h7xx_ll_usb.o
                0x080096a0                USB_EPClearStall
 .text.USB_SetDevAddress
                0x0800976c       0x4c ./Drivers/STM32H7xx_HAL_Driver/Src/stm32h7xx_ll_usb.o
                0x0800976c                USB_SetDevAddress
 .text.USB_DevConnect
                0x080097b8       0x42 ./Drivers/STM32H7xx_HAL_Driver/Src/stm32h7xx_ll_usb.o
                0x080097b8                USB_DevConnect
 .text.USB_DevDisconnect
                0x080097fa       0x42 ./Drivers/STM32H7xx_HAL_Driver/Src/stm32h7xx_ll_usb.o
                0x080097fa                USB_DevDisconnect
 .text.USB_ReadInterrupts
                0x0800983c       0x26 ./Drivers/STM32H7xx_HAL_Driver/Src/stm32h7xx_ll_usb.o
                0x0800983c                USB_ReadInterrupts
 .text.USB_ReadDevAllOutEpInterrupt
                0x08009862       0x34 ./Drivers/STM32H7xx_HAL_Driver/Src/stm32h7xx_ll_usb.o
                0x08009862                USB_ReadDevAllOutEpInterrupt
 .text.USB_ReadDevAllInEpInterrupt
                0x08009896       0x34 ./Drivers/STM32H7xx_HAL_Driver/Src/stm32h7xx_ll_usb.o
                0x08009896                USB_ReadDevAllInEpInterrupt
 .text.USB_ReadDevOutEPInterrupt
                0x080098ca       0x3c ./Drivers/STM32H7xx_HAL_Driver/Src/stm32h7xx_ll_usb.o
                0x080098ca                USB_ReadDevOutEPInterrupt
 .text.USB_ReadDevInEPInterrupt
                0x08009906       0x5c ./Drivers/STM32H7xx_HAL_Driver/Src/stm32h7xx_ll_usb.o
                0x08009906                USB_ReadDevInEPInterrupt
 .text.USB_GetMode
                0x08009962       0x1c ./Drivers/STM32H7xx_HAL_Driver/Src/stm32h7xx_ll_usb.o
                0x08009962                USB_GetMode
 *fill*         0x0800997e        0x2 
 .text.USB_ActivateSetup
                0x08009980       0x48 ./Drivers/STM32H7xx_HAL_Driver/Src/stm32h7xx_ll_usb.o
                0x08009980                USB_ActivateSetup
 .text.USB_EP0_OutStart
                0x080099c8       0xbc ./Drivers/STM32H7xx_HAL_Driver/Src/stm32h7xx_ll_usb.o
                0x080099c8                USB_EP0_OutStart
 .text.USB_CoreReset
                0x08009a84       0x62 ./Drivers/STM32H7xx_HAL_Driver/Src/stm32h7xx_ll_usb.o
 *fill*         0x08009ae6        0x2 
 .text.USBD_CDC_Init
                0x08009ae8      0x1f0 ./Middlewares/ST/STM32_USB_Device_Library/Class/CDC/Src/usbd_cdc.o
 .text.USBD_CDC_DeInit
                0x08009cd8      0x104 ./Middlewares/ST/STM32_USB_Device_Library/Class/CDC/Src/usbd_cdc.o
 .text.USBD_CDC_Setup
                0x08009ddc      0x1b8 ./Middlewares/ST/STM32_USB_Device_Library/Class/CDC/Src/usbd_cdc.o
 .text.USBD_CDC_DataIn
                0x08009f94       0xfe ./Middlewares/ST/STM32_USB_Device_Library/Class/CDC/Src/usbd_cdc.o
 .text.USBD_CDC_DataOut
                0x0800a092       0x70 ./Middlewares/ST/STM32_USB_Device_Library/Class/CDC/Src/usbd_cdc.o
 .text.USBD_CDC_EP0_RxReady
                0x0800a102       0x74 ./Middlewares/ST/STM32_USB_Device_Library/Class/CDC/Src/usbd_cdc.o
 *fill*         0x0800a176        0x2 
 .text.USBD_CDC_GetFSCfgDesc
                0x0800a178       0x70 ./Middlewares/ST/STM32_USB_Device_Library/Class/CDC/Src/usbd_cdc.o
 .text.USBD_CDC_GetHSCfgDesc
                0x0800a1e8       0x70 ./Middlewares/ST/STM32_USB_Device_Library/Class/CDC/Src/usbd_cdc.o
 .text.USBD_CDC_GetOtherSpeedCfgDesc
                0x0800a258       0x70 ./Middlewares/ST/STM32_USB_Device_Library/Class/CDC/Src/usbd_cdc.o
 .text.USBD_CDC_GetDeviceQualifierDescriptor
                0x0800a2c8       0x20 ./Middlewares/ST/STM32_USB_Device_Library/Class/CDC/Src/usbd_cdc.o
                0x0800a2c8                USBD_CDC_GetDeviceQualifierDescriptor
 .text.USBD_CDC_RegisterInterface
                0x0800a2e8       0x34 ./Middlewares/ST/STM32_USB_Device_Library/Class/CDC/Src/usbd_cdc.o
                0x0800a2e8                USBD_CDC_RegisterInterface
 .text.USBD_CDC_SetTxBuffer
                0x0800a31c       0x44 ./Middlewares/ST/STM32_USB_Device_Library/Class/CDC/Src/usbd_cdc.o
                0x0800a31c                USBD_CDC_SetTxBuffer
 .text.USBD_CDC_SetRxBuffer
                0x0800a360       0x3a ./Middlewares/ST/STM32_USB_Device_Library/Class/CDC/Src/usbd_cdc.o
                0x0800a360                USBD_CDC_SetRxBuffer
 *fill*         0x0800a39a        0x2 
 .text.USBD_CDC_TransmitPacket
                0x0800a39c       0x80 ./Middlewares/ST/STM32_USB_Device_Library/Class/CDC/Src/usbd_cdc.o
                0x0800a39c                USBD_CDC_TransmitPacket
 .text.USBD_CDC_ReceivePacket
                0x0800a41c       0x6c ./Middlewares/ST/STM32_USB_Device_Library/Class/CDC/Src/usbd_cdc.o
                0x0800a41c                USBD_CDC_ReceivePacket
 .text.USBD_Init
                0x0800a488       0x60 ./Middlewares/ST/STM32_USB_Device_Library/Core/Src/usbd_core.o
                0x0800a488                USBD_Init
 .text.USBD_RegisterClass
                0x0800a4e8       0x6c ./Middlewares/ST/STM32_USB_Device_Library/Core/Src/usbd_core.o
                0x0800a4e8                USBD_RegisterClass
 .text.USBD_Start
                0x0800a554       0x18 ./Middlewares/ST/STM32_USB_Device_Library/Core/Src/usbd_core.o
                0x0800a554                USBD_Start
 .text.USBD_RunTestMode
                0x0800a56c       0x16 ./Middlewares/ST/STM32_USB_Device_Library/Core/Src/usbd_core.o
                0x0800a56c                USBD_RunTestMode
 .text.USBD_SetClassConfig
                0x0800a582       0x38 ./Middlewares/ST/STM32_USB_Device_Library/Core/Src/usbd_core.o
                0x0800a582                USBD_SetClassConfig
 .text.USBD_ClrClassConfig
                0x0800a5ba       0x34 ./Middlewares/ST/STM32_USB_Device_Library/Core/Src/usbd_core.o
                0x0800a5ba                USBD_ClrClassConfig
 .text.USBD_LL_SetupStage
                0x0800a5ee       0xaa ./Middlewares/ST/STM32_USB_Device_Library/Core/Src/usbd_core.o
                0x0800a5ee                USBD_LL_SetupStage
 .text.USBD_LL_DataOutStage
                0x0800a698      0x166 ./Middlewares/ST/STM32_USB_Device_Library/Core/Src/usbd_core.o
                0x0800a698                USBD_LL_DataOutStage
 .text.USBD_LL_DataInStage
                0x0800a7fe      0x164 ./Middlewares/ST/STM32_USB_Device_Library/Core/Src/usbd_core.o
                0x0800a7fe                USBD_LL_DataInStage
 .text.USBD_LL_Reset
                0x0800a962       0xa4 ./Middlewares/ST/STM32_USB_Device_Library/Core/Src/usbd_core.o
                0x0800a962                USBD_LL_Reset
 .text.USBD_LL_SetSpeed
                0x0800aa06       0x20 ./Middlewares/ST/STM32_USB_Device_Library/Core/Src/usbd_core.o
                0x0800aa06                USBD_LL_SetSpeed
 .text.USBD_LL_Suspend
                0x0800aa26       0x38 ./Middlewares/ST/STM32_USB_Device_Library/Core/Src/usbd_core.o
                0x0800aa26                USBD_LL_Suspend
 .text.USBD_LL_Resume
                0x0800aa5e       0x30 ./Middlewares/ST/STM32_USB_Device_Library/Core/Src/usbd_core.o
                0x0800aa5e                USBD_LL_Resume
 .text.USBD_LL_SOF
                0x0800aa8e       0x40 ./Middlewares/ST/STM32_USB_Device_Library/Core/Src/usbd_core.o
                0x0800aa8e                USBD_LL_SOF
 .text.USBD_LL_IsoINIncomplete
                0x0800aace       0x64 ./Middlewares/ST/STM32_USB_Device_Library/Core/Src/usbd_core.o
                0x0800aace                USBD_LL_IsoINIncomplete
 .text.USBD_LL_IsoOUTIncomplete
                0x0800ab32       0x64 ./Middlewares/ST/STM32_USB_Device_Library/Core/Src/usbd_core.o
                0x0800ab32                USBD_LL_IsoOUTIncomplete
 .text.USBD_LL_DevConnected
                0x0800ab96       0x16 ./Middlewares/ST/STM32_USB_Device_Library/Core/Src/usbd_core.o
                0x0800ab96                USBD_LL_DevConnected
 .text.USBD_LL_DevDisconnected
                0x0800abac       0x46 ./Middlewares/ST/STM32_USB_Device_Library/Core/Src/usbd_core.o
                0x0800abac                USBD_LL_DevDisconnected
 .text.USBD_CoreFindIF
                0x0800abf2       0x1a ./Middlewares/ST/STM32_USB_Device_Library/Core/Src/usbd_core.o
                0x0800abf2                USBD_CoreFindIF
 .text.USBD_CoreFindEP
                0x0800ac0c       0x1a ./Middlewares/ST/STM32_USB_Device_Library/Core/Src/usbd_core.o
                0x0800ac0c                USBD_CoreFindEP
 .text.USBD_GetEpDesc
                0x0800ac26       0x70 ./Middlewares/ST/STM32_USB_Device_Library/Core/Src/usbd_core.o
                0x0800ac26                USBD_GetEpDesc
 .text.USBD_GetNextDesc
                0x0800ac96       0x38 ./Middlewares/ST/STM32_USB_Device_Library/Core/Src/usbd_core.o
                0x0800ac96                USBD_GetNextDesc
 .text.SWAPBYTE
                0x0800acce       0x3c ./Middlewares/ST/STM32_USB_Device_Library/Core/Src/usbd_ctlreq.o
 *fill*         0x0800ad0a        0x2 
 .text.USBD_StdDevReq
                0x0800ad0c       0xe4 ./Middlewares/ST/STM32_USB_Device_Library/Core/Src/usbd_ctlreq.o
                0x0800ad0c                USBD_StdDevReq
 .text.USBD_StdItfReq
                0x0800adf0       0xd8 ./Middlewares/ST/STM32_USB_Device_Library/Core/Src/usbd_ctlreq.o
                0x0800adf0                USBD_StdItfReq
 .text.USBD_StdEPReq
                0x0800aec8      0x33a ./Middlewares/ST/STM32_USB_Device_Library/Core/Src/usbd_ctlreq.o
                0x0800aec8                USBD_StdEPReq
 *fill*         0x0800b202        0x2 
 .text.USBD_GetDescriptor
                0x0800b204      0x328 ./Middlewares/ST/STM32_USB_Device_Library/Core/Src/usbd_ctlreq.o
 .text.USBD_SetAddress
                0x0800b52c       0x88 ./Middlewares/ST/STM32_USB_Device_Library/Core/Src/usbd_ctlreq.o
 .text.USBD_SetConfig
                0x0800b5b4      0x154 ./Middlewares/ST/STM32_USB_Device_Library/Core/Src/usbd_ctlreq.o
 .text.USBD_GetConfig
                0x0800b708       0x6c ./Middlewares/ST/STM32_USB_Device_Library/Core/Src/usbd_ctlreq.o
 .text.USBD_GetStatus
                0x0800b774       0x68 ./Middlewares/ST/STM32_USB_Device_Library/Core/Src/usbd_ctlreq.o
 .text.USBD_SetFeature
                0x0800b7dc       0x52 ./Middlewares/ST/STM32_USB_Device_Library/Core/Src/usbd_ctlreq.o
 .text.USBD_ClrFeature
                0x0800b82e       0x44 ./Middlewares/ST/STM32_USB_Device_Library/Core/Src/usbd_ctlreq.o
 .text.USBD_ParseSetupRequest
                0x0800b872       0x74 ./Middlewares/ST/STM32_USB_Device_Library/Core/Src/usbd_ctlreq.o
                0x0800b872                USBD_ParseSetupRequest
 .text.USBD_CtlError
                0x0800b8e6       0x22 ./Middlewares/ST/STM32_USB_Device_Library/Core/Src/usbd_ctlreq.o
                0x0800b8e6                USBD_CtlError
 .text.USBD_GetString
                0x0800b908       0xa4 ./Middlewares/ST/STM32_USB_Device_Library/Core/Src/usbd_ctlreq.o
                0x0800b908                USBD_GetString
 .text.USBD_GetLen
                0x0800b9ac       0x34 ./Middlewares/ST/STM32_USB_Device_Library/Core/Src/usbd_ctlreq.o
 .text.USBD_CtlSendData
                0x0800b9e0       0x36 ./Middlewares/ST/STM32_USB_Device_Library/Core/Src/usbd_ioreq.o
                0x0800b9e0                USBD_CtlSendData
 .text.USBD_CtlContinueSendData
                0x0800ba16       0x22 ./Middlewares/ST/STM32_USB_Device_Library/Core/Src/usbd_ioreq.o
                0x0800ba16                USBD_CtlContinueSendData
 .text.USBD_CtlPrepareRx
                0x0800ba38       0x3a ./Middlewares/ST/STM32_USB_Device_Library/Core/Src/usbd_ioreq.o
                0x0800ba38                USBD_CtlPrepareRx
 .text.USBD_CtlContinueRx
                0x0800ba72       0x22 ./Middlewares/ST/STM32_USB_Device_Library/Core/Src/usbd_ioreq.o
                0x0800ba72                USBD_CtlContinueRx
 .text.USBD_CtlSendStatus
                0x0800ba94       0x26 ./Middlewares/ST/STM32_USB_Device_Library/Core/Src/usbd_ioreq.o
                0x0800ba94                USBD_CtlSendStatus
 .text.USBD_CtlReceiveStatus
                0x0800baba       0x26 ./Middlewares/ST/STM32_USB_Device_Library/Core/Src/usbd_ioreq.o
                0x0800baba                USBD_CtlReceiveStatus
 .text.MX_USB_DEVICE_Init
                0x0800bae0       0x64 ./USB_DEVICE/App/usb_device.o
                0x0800bae0                MX_USB_DEVICE_Init
 .text.CDC_Init_HS
                0x0800bb44       0x28 ./USB_DEVICE/App/usbd_cdc_if.o
 .text.CDC_DeInit_HS
                0x0800bb6c       0x10 ./USB_DEVICE/App/usbd_cdc_if.o
 .text.CDC_Control_HS
                0x0800bb7c       0xbc ./USB_DEVICE/App/usbd_cdc_if.o
 .text.CDC_Receive_HS
                0x0800bc38       0x28 ./USB_DEVICE/App/usbd_cdc_if.o
 .text.CDC_Transmit_HS
                0x0800bc60       0x4c ./USB_DEVICE/App/usbd_cdc_if.o
                0x0800bc60                CDC_Transmit_HS
 .text.CDC_TransmitCplt_HS
                0x0800bcac       0x22 ./USB_DEVICE/App/usbd_cdc_if.o
 *fill*         0x0800bcce        0x2 
 .text.USBD_HS_DeviceDescriptor
                0x0800bcd0       0x24 ./USB_DEVICE/App/usbd_desc.o
                0x0800bcd0                USBD_HS_DeviceDescriptor
 .text.USBD_HS_LangIDStrDescriptor
                0x0800bcf4       0x24 ./USB_DEVICE/App/usbd_desc.o
                0x0800bcf4                USBD_HS_LangIDStrDescriptor
 .text.USBD_HS_ProductStrDescriptor
                0x0800bd18       0x3c ./USB_DEVICE/App/usbd_desc.o
                0x0800bd18                USBD_HS_ProductStrDescriptor
 .text.USBD_HS_ManufacturerStrDescriptor
                0x0800bd54       0x28 ./USB_DEVICE/App/usbd_desc.o
                0x0800bd54                USBD_HS_ManufacturerStrDescriptor
 .text.USBD_HS_SerialStrDescriptor
                0x0800bd7c       0x24 ./USB_DEVICE/App/usbd_desc.o
                0x0800bd7c                USBD_HS_SerialStrDescriptor
 .text.USBD_HS_ConfigStrDescriptor
                0x0800bda0       0x3c ./USB_DEVICE/App/usbd_desc.o
                0x0800bda0                USBD_HS_ConfigStrDescriptor
 .text.USBD_HS_InterfaceStrDescriptor
                0x0800bddc       0x3c ./USB_DEVICE/App/usbd_desc.o
                0x0800bddc                USBD_HS_InterfaceStrDescriptor
 .text.Get_SerialNum
                0x0800be18       0x58 ./USB_DEVICE/App/usbd_desc.o
 .text.IntToUnicode
                0x0800be70       0x7e ./USB_DEVICE/App/usbd_desc.o
 *fill*         0x0800beee        0x2 
 .text.HAL_PCD_MspInit
                0x0800bef0       0xdc ./USB_DEVICE/Target/usbd_conf.o
                0x0800bef0                HAL_PCD_MspInit
 .text.HAL_PCD_SetupStageCallback
                0x0800bfcc       0x24 ./USB_DEVICE/Target/usbd_conf.o
                0x0800bfcc                HAL_PCD_SetupStageCallback
 .text.HAL_PCD_DataOutStageCallback
                0x0800bff0       0x36 ./USB_DEVICE/Target/usbd_conf.o
                0x0800bff0                HAL_PCD_DataOutStageCallback
 .text.HAL_PCD_DataInStageCallback
                0x0800c026       0x34 ./USB_DEVICE/Target/usbd_conf.o
                0x0800c026                HAL_PCD_DataInStageCallback
 .text.HAL_PCD_SOFCallback
                0x0800c05a       0x1c ./USB_DEVICE/Target/usbd_conf.o
                0x0800c05a                HAL_PCD_SOFCallback
 .text.HAL_PCD_ResetCallback
                0x0800c076       0x50 ./USB_DEVICE/Target/usbd_conf.o
                0x0800c076                HAL_PCD_ResetCallback
 *fill*         0x0800c0c6        0x2 
 .text.HAL_PCD_SuspendCallback
                0x0800c0c8       0x4c ./USB_DEVICE/Target/usbd_conf.o
                0x0800c0c8                HAL_PCD_SuspendCallback
 .text.HAL_PCD_ResumeCallback
                0x0800c114       0x1c ./USB_DEVICE/Target/usbd_conf.o
                0x0800c114                HAL_PCD_ResumeCallback
 .text.HAL_PCD_ISOOUTIncompleteCallback
                0x0800c130       0x24 ./USB_DEVICE/Target/usbd_conf.o
                0x0800c130                HAL_PCD_ISOOUTIncompleteCallback
 .text.HAL_PCD_ISOINIncompleteCallback
                0x0800c154       0x24 ./USB_DEVICE/Target/usbd_conf.o
                0x0800c154                HAL_PCD_ISOINIncompleteCallback
 .text.HAL_PCD_ConnectCallback
                0x0800c178       0x1c ./USB_DEVICE/Target/usbd_conf.o
                0x0800c178                HAL_PCD_ConnectCallback
 .text.HAL_PCD_DisconnectCallback
                0x0800c194       0x1c ./USB_DEVICE/Target/usbd_conf.o
                0x0800c194                HAL_PCD_DisconnectCallback
 .text.USBD_LL_Init
                0x0800c1b0       0xa4 ./USB_DEVICE/Target/usbd_conf.o
                0x0800c1b0                USBD_LL_Init
 .text.USBD_LL_Start
                0x0800c254       0x36 ./USB_DEVICE/Target/usbd_conf.o
                0x0800c254                USBD_LL_Start
 .text.USBD_LL_OpenEP
                0x0800c28a       0x4c ./USB_DEVICE/Target/usbd_conf.o
                0x0800c28a                USBD_LL_OpenEP
 .text.USBD_LL_CloseEP
                0x0800c2d6       0x3e ./USB_DEVICE/Target/usbd_conf.o
                0x0800c2d6                USBD_LL_CloseEP
 .text.USBD_LL_StallEP
                0x0800c314       0x3e ./USB_DEVICE/Target/usbd_conf.o
                0x0800c314                USBD_LL_StallEP
 .text.USBD_LL_ClearStallEP
                0x0800c352       0x3e ./USB_DEVICE/Target/usbd_conf.o
                0x0800c352                USBD_LL_ClearStallEP
 .text.USBD_LL_IsStallEP
                0x0800c390       0x58 ./USB_DEVICE/Target/usbd_conf.o
                0x0800c390                USBD_LL_IsStallEP
 .text.USBD_LL_SetUSBAddress
                0x0800c3e8       0x3e ./USB_DEVICE/Target/usbd_conf.o
                0x0800c3e8                USBD_LL_SetUSBAddress
 .text.USBD_LL_Transmit
                0x0800c426       0x42 ./USB_DEVICE/Target/usbd_conf.o
                0x0800c426                USBD_LL_Transmit
 .text.USBD_LL_PrepareReceive
                0x0800c468       0x42 ./USB_DEVICE/Target/usbd_conf.o
                0x0800c468                USBD_LL_PrepareReceive
 .text.USBD_LL_GetRxDataSize
                0x0800c4aa       0x26 ./USB_DEVICE/Target/usbd_conf.o
                0x0800c4aa                USBD_LL_GetRxDataSize
 .text.USBD_static_malloc
                0x0800c4d0       0x1c ./USB_DEVICE/Target/usbd_conf.o
                0x0800c4d0                USBD_static_malloc
 .text.USBD_static_free
                0x0800c4ec       0x14 ./USB_DEVICE/Target/usbd_conf.o
                0x0800c4ec                USBD_static_free
 .text.USBD_Get_USB_Status
                0x0800c500       0x58 ./USB_DEVICE/Target/usbd_conf.o
                0x0800c500                USBD_Get_USB_Status
 .text.malloc   0x0800c558       0x10 C:/ST/STM32CubeIDE_1.17.0/STM32CubeIDE/plugins/com.st.stm32cube.ide.mcu.externaltools.gnu-tools-for-stm32.12.3.rel1.win32_1.1.0.202410251130/tools/bin/../lib/gcc/arm-none-eabi/12.3.1/../../../../arm-none-eabi/lib/thumb/v7e-m+dp/hard\libc_nano.a(libc_a-malloc.o)
                0x0800c558                malloc
 .text.sbrk_aligned
                0x0800c568       0x44 C:/ST/STM32CubeIDE_1.17.0/STM32CubeIDE/plugins/com.st.stm32cube.ide.mcu.externaltools.gnu-tools-for-stm32.12.3.rel1.win32_1.1.0.202410251130/tools/bin/../lib/gcc/arm-none-eabi/12.3.1/../../../../arm-none-eabi/lib/thumb/v7e-m+dp/hard\libc_nano.a(libc_a-mallocr.o)
 .text._malloc_r
                0x0800c5ac      0x100 C:/ST/STM32CubeIDE_1.17.0/STM32CubeIDE/plugins/com.st.stm32cube.ide.mcu.externaltools.gnu-tools-for-stm32.12.3.rel1.win32_1.1.0.202410251130/tools/bin/../lib/gcc/arm-none-eabi/12.3.1/../../../../arm-none-eabi/lib/thumb/v7e-m+dp/hard\libc_nano.a(libc_a-mallocr.o)
                0x0800c5ac                _malloc_r
 .text.__malloc_lock
                0x0800c6ac        0xc C:/ST/STM32CubeIDE_1.17.0/STM32CubeIDE/plugins/com.st.stm32cube.ide.mcu.externaltools.gnu-tools-for-stm32.12.3.rel1.win32_1.1.0.202410251130/tools/bin/../lib/gcc/arm-none-eabi/12.3.1/../../../../arm-none-eabi/lib/thumb/v7e-m+dp/hard\libc_nano.a(libc_a-mlock.o)
                0x0800c6ac                __malloc_lock
 .text.__malloc_unlock
                0x0800c6b8        0xc C:/ST/STM32CubeIDE_1.17.0/STM32CubeIDE/plugins/com.st.stm32cube.ide.mcu.externaltools.gnu-tools-for-stm32.12.3.rel1.win32_1.1.0.202410251130/tools/bin/../lib/gcc/arm-none-eabi/12.3.1/../../../../arm-none-eabi/lib/thumb/v7e-m+dp/hard\libc_nano.a(libc_a-mlock.o)
                0x0800c6b8                __malloc_unlock
 .text.snprintf
                0x0800c6c4       0x68 C:/ST/STM32CubeIDE_1.17.0/STM32CubeIDE/plugins/com.st.stm32cube.ide.mcu.externaltools.gnu-tools-for-stm32.12.3.rel1.win32_1.1.0.202410251130/tools/bin/../lib/gcc/arm-none-eabi/12.3.1/../../../../arm-none-eabi/lib/thumb/v7e-m+dp/hard\libc_nano.a(libc_a-snprintf.o)
                0x0800c6c4                sniprintf
                0x0800c6c4                snprintf
 .text.memset   0x0800c72c       0x10 C:/ST/STM32CubeIDE_1.17.0/STM32CubeIDE/plugins/com.st.stm32cube.ide.mcu.externaltools.gnu-tools-for-stm32.12.3.rel1.win32_1.1.0.202410251130/tools/bin/../lib/gcc/arm-none-eabi/12.3.1/../../../../arm-none-eabi/lib/thumb/v7e-m+dp/hard\libc_nano.a(libc_a-memset.o)
                0x0800c72c                memset
 .text._sbrk_r  0x0800c73c       0x20 C:/ST/STM32CubeIDE_1.17.0/STM32CubeIDE/plugins/com.st.stm32cube.ide.mcu.externaltools.gnu-tools-for-stm32.12.3.rel1.win32_1.1.0.202410251130/tools/bin/../lib/gcc/arm-none-eabi/12.3.1/../../../../arm-none-eabi/lib/thumb/v7e-m+dp/hard\libc_nano.a(libc_a-sbrkr.o)
                0x0800c73c                _sbrk_r
 .text.__errno  0x0800c75c        0xc C:/ST/STM32CubeIDE_1.17.0/STM32CubeIDE/plugins/com.st.stm32cube.ide.mcu.externaltools.gnu-tools-for-stm32.12.3.rel1.win32_1.1.0.202410251130/tools/bin/../lib/gcc/arm-none-eabi/12.3.1/../../../../arm-none-eabi/lib/thumb/v7e-m+dp/hard\libc_nano.a(libc_a-errno.o)
                0x0800c75c                __errno
 .text.__libc_init_array
                0x0800c768       0x48 C:/ST/STM32CubeIDE_1.17.0/STM32CubeIDE/plugins/com.st.stm32cube.ide.mcu.externaltools.gnu-tools-for-stm32.12.3.rel1.win32_1.1.0.202410251130/tools/bin/../lib/gcc/arm-none-eabi/12.3.1/../../../../arm-none-eabi/lib/thumb/v7e-m+dp/hard\libc_nano.a(libc_a-init.o)
                0x0800c768                __libc_init_array
 .text.__retarget_lock_acquire_recursive
                0x0800c7b0        0x2 C:/ST/STM32CubeIDE_1.17.0/STM32CubeIDE/plugins/com.st.stm32cube.ide.mcu.externaltools.gnu-tools-for-stm32.12.3.rel1.win32_1.1.0.202410251130/tools/bin/../lib/gcc/arm-none-eabi/12.3.1/../../../../arm-none-eabi/lib/thumb/v7e-m+dp/hard\libc_nano.a(libc_a-lock.o)
                0x0800c7b0                __retarget_lock_acquire_recursive
 .text.__retarget_lock_release_recursive
                0x0800c7b2        0x2 C:/ST/STM32CubeIDE_1.17.0/STM32CubeIDE/plugins/com.st.stm32cube.ide.mcu.externaltools.gnu-tools-for-stm32.12.3.rel1.win32_1.1.0.202410251130/tools/bin/../lib/gcc/arm-none-eabi/12.3.1/../../../../arm-none-eabi/lib/thumb/v7e-m+dp/hard\libc_nano.a(libc_a-lock.o)
                0x0800c7b2                __retarget_lock_release_recursive
 .text._free_r  0x0800c7b4       0x94 C:/ST/STM32CubeIDE_1.17.0/STM32CubeIDE/plugins/com.st.stm32cube.ide.mcu.externaltools.gnu-tools-for-stm32.12.3.rel1.win32_1.1.0.202410251130/tools/bin/../lib/gcc/arm-none-eabi/12.3.1/../../../../arm-none-eabi/lib/thumb/v7e-m+dp/hard\libc_nano.a(libc_a-freer.o)
                0x0800c7b4                _free_r
 .text.__ssputs_r
                0x0800c848       0xb6 C:/ST/STM32CubeIDE_1.17.0/STM32CubeIDE/plugins/com.st.stm32cube.ide.mcu.externaltools.gnu-tools-for-stm32.12.3.rel1.win32_1.1.0.202410251130/tools/bin/../lib/gcc/arm-none-eabi/12.3.1/../../../../arm-none-eabi/lib/thumb/v7e-m+dp/hard\libc_nano.a(libc_a-nano-svfprintf.o)
                0x0800c848                __ssputs_r
 *fill*         0x0800c8fe        0x2 
 .text._svfprintf_r
                0x0800c900      0x1f8 C:/ST/STM32CubeIDE_1.17.0/STM32CubeIDE/plugins/com.st.stm32cube.ide.mcu.externaltools.gnu-tools-for-stm32.12.3.rel1.win32_1.1.0.202410251130/tools/bin/../lib/gcc/arm-none-eabi/12.3.1/../../../../arm-none-eabi/lib/thumb/v7e-m+dp/hard\libc_nano.a(libc_a-nano-svfprintf.o)
                0x0800c900                _svfiprintf_r
                0x0800c900                _svfprintf_r
 .text._printf_common
                0x0800caf8       0xda C:/ST/STM32CubeIDE_1.17.0/STM32CubeIDE/plugins/com.st.stm32cube.ide.mcu.externaltools.gnu-tools-for-stm32.12.3.rel1.win32_1.1.0.202410251130/tools/bin/../lib/gcc/arm-none-eabi/12.3.1/../../../../arm-none-eabi/lib/thumb/v7e-m+dp/hard\libc_nano.a(libc_a-nano-vfprintf_i.o)
                0x0800caf8                _printf_common
 *fill*         0x0800cbd2        0x2 
 .text._printf_i
                0x0800cbd4      0x240 C:/ST/STM32CubeIDE_1.17.0/STM32CubeIDE/plugins/com.st.stm32cube.ide.mcu.externaltools.gnu-tools-for-stm32.12.3.rel1.win32_1.1.0.202410251130/tools/bin/../lib/gcc/arm-none-eabi/12.3.1/../../../../arm-none-eabi/lib/thumb/v7e-m+dp/hard\libc_nano.a(libc_a-nano-vfprintf_i.o)
                0x0800cbd4                _printf_i
 .text.memmove  0x0800ce14       0x34 C:/ST/STM32CubeIDE_1.17.0/STM32CubeIDE/plugins/com.st.stm32cube.ide.mcu.externaltools.gnu-tools-for-stm32.12.3.rel1.win32_1.1.0.202410251130/tools/bin/../lib/gcc/arm-none-eabi/12.3.1/../../../../arm-none-eabi/lib/thumb/v7e-m+dp/hard\libc_nano.a(libc_a-memmove.o)
                0x0800ce14                memmove
 .text.memcpy   0x0800ce48       0x1c C:/ST/STM32CubeIDE_1.17.0/STM32CubeIDE/plugins/com.st.stm32cube.ide.mcu.externaltools.gnu-tools-for-stm32.12.3.rel1.win32_1.1.0.202410251130/tools/bin/../lib/gcc/arm-none-eabi/12.3.1/../../../../arm-none-eabi/lib/thumb/v7e-m+dp/hard\libc_nano.a(libc_a-memcpy-stub.o)
                0x0800ce48                memcpy
 .text._realloc_r
                0x0800ce64       0x5c C:/ST/STM32CubeIDE_1.17.0/STM32CubeIDE/plugins/com.st.stm32cube.ide.mcu.externaltools.gnu-tools-for-stm32.12.3.rel1.win32_1.1.0.202410251130/tools/bin/../lib/gcc/arm-none-eabi/12.3.1/../../../../arm-none-eabi/lib/thumb/v7e-m+dp/hard\libc_nano.a(libc_a-reallocr.o)
                0x0800ce64                _realloc_r
 .text._malloc_usable_size_r
                0x0800cec0       0x10 C:/ST/STM32CubeIDE_1.17.0/STM32CubeIDE/plugins/com.st.stm32cube.ide.mcu.externaltools.gnu-tools-for-stm32.12.3.rel1.win32_1.1.0.202410251130/tools/bin/../lib/gcc/arm-none-eabi/12.3.1/../../../../arm-none-eabi/lib/thumb/v7e-m+dp/hard\libc_nano.a(libc_a-msizer.o)
                0x0800cec0                _malloc_usable_size_r
 *(.glue_7)
 .glue_7        0x0800ced0        0x0 linker stubs
 *(.glue_7t)
 .glue_7t       0x0800ced0        0x0 linker stubs
 *(.eh_frame)
 .eh_frame      0x0800ced0        0x0 C:/ST/STM32CubeIDE_1.17.0/STM32CubeIDE/plugins/com.st.stm32cube.ide.mcu.externaltools.gnu-tools-for-stm32.12.3.rel1.win32_1.1.0.202410251130/tools/bin/../lib/gcc/arm-none-eabi/12.3.1/thumb/v7e-m+dp/hard/crtbegin.o
 *(.init)
 .init          0x0800ced0        0x4 C:/ST/STM32CubeIDE_1.17.0/STM32CubeIDE/plugins/com.st.stm32cube.ide.mcu.externaltools.gnu-tools-for-stm32.12.3.rel1.win32_1.1.0.202410251130/tools/bin/../lib/gcc/arm-none-eabi/12.3.1/thumb/v7e-m+dp/hard/crti.o
                0x0800ced0                _init
 .init          0x0800ced4        0x8 C:/ST/STM32CubeIDE_1.17.0/STM32CubeIDE/plugins/com.st.stm32cube.ide.mcu.externaltools.gnu-tools-for-stm32.12.3.rel1.win32_1.1.0.202410251130/tools/bin/../lib/gcc/arm-none-eabi/12.3.1/thumb/v7e-m+dp/hard/crtn.o
 *(.fini)
 .fini          0x0800cedc        0x4 C:/ST/STM32CubeIDE_1.17.0/STM32CubeIDE/plugins/com.st.stm32cube.ide.mcu.externaltools.gnu-tools-for-stm32.12.3.rel1.win32_1.1.0.202410251130/tools/bin/../lib/gcc/arm-none-eabi/12.3.1/thumb/v7e-m+dp/hard/crti.o
                0x0800cedc                _fini
 .fini          0x0800cee0        0x8 C:/ST/STM32CubeIDE_1.17.0/STM32CubeIDE/plugins/com.st.stm32cube.ide.mcu.externaltools.gnu-tools-for-stm32.12.3.rel1.win32_1.1.0.202410251130/tools/bin/../lib/gcc/arm-none-eabi/12.3.1/thumb/v7e-m+dp/hard/crtn.o
                0x0800cee8                        . = ALIGN (0x4)
                0x0800cee8                        _etext = .

.vfp11_veneer   0x0800cee8        0x0
 .vfp11_veneer  0x0800cee8        0x0 linker stubs

.v4_bx          0x0800cee8        0x0
 .v4_bx         0x0800cee8        0x0 linker stubs

.iplt           0x0800cee8        0x0
 .iplt          0x0800cee8        0x0 C:/ST/STM32CubeIDE_1.17.0/STM32CubeIDE/plugins/com.st.stm32cube.ide.mcu.externaltools.gnu-tools-for-stm32.12.3.rel1.win32_1.1.0.202410251130/tools/bin/../lib/gcc/arm-none-eabi/12.3.1/thumb/v7e-m+dp/hard/crtbegin.o

.rodata         0x0800cee8       0xe4
                0x0800cee8                        . = ALIGN (0x4)
 *(.rodata)
 .rodata        0x0800cee8       0x58 ./Core/Src/main.o
 .rodata        0x0800cf40       0x46 ./USB_DEVICE/App/usbd_desc.o
 *(.rodata*)
 *fill*         0x0800cf86        0x2 
 .rodata.D1CorePrescTable
                0x0800cf88       0x10 ./Core/Src/system_stm32h7xx.o
                0x0800cf88                D1CorePrescTable
 .rodata._svfprintf_r.str1.1
                0x0800cf98       0x11 C:/ST/STM32CubeIDE_1.17.0/STM32CubeIDE/plugins/com.st.stm32cube.ide.mcu.externaltools.gnu-tools-for-stm32.12.3.rel1.win32_1.1.0.202410251130/tools/bin/../lib/gcc/arm-none-eabi/12.3.1/../../../../arm-none-eabi/lib/thumb/v7e-m+dp/hard\libc_nano.a(libc_a-nano-svfprintf.o)
 .rodata._printf_i.str1.1
                0x0800cfa9       0x22 C:/ST/STM32CubeIDE_1.17.0/STM32CubeIDE/plugins/com.st.stm32cube.ide.mcu.externaltools.gnu-tools-for-stm32.12.3.rel1.win32_1.1.0.202410251130/tools/bin/../lib/gcc/arm-none-eabi/12.3.1/../../../../arm-none-eabi/lib/thumb/v7e-m+dp/hard\libc_nano.a(libc_a-nano-vfprintf_i.o)
                0x0800cfcc                        . = ALIGN (0x4)
 *fill*         0x0800cfcb        0x1 

.ARM.extab
 *(.ARM.extab* .gnu.linkonce.armextab.*)

.ARM            0x0800cfcc        0x8
                0x0800cfcc                        __exidx_start = .
 *(.ARM.exidx*)
 .ARM.exidx     0x0800cfcc        0x8 C:/ST/STM32CubeIDE_1.17.0/STM32CubeIDE/plugins/com.st.stm32cube.ide.mcu.externaltools.gnu-tools-for-stm32.12.3.rel1.win32_1.1.0.202410251130/tools/bin/../lib/gcc/arm-none-eabi/12.3.1/../../../../arm-none-eabi/lib/thumb/v7e-m+dp/hard\libc_nano.a(libc_a-strlen.o)
 .ARM.exidx     0x0800cfd4        0x0 C:/ST/STM32CubeIDE_1.17.0/STM32CubeIDE/plugins/com.st.stm32cube.ide.mcu.externaltools.gnu-tools-for-stm32.12.3.rel1.win32_1.1.0.202410251130/tools/bin/../lib/gcc/arm-none-eabi/12.3.1/../../../../arm-none-eabi/lib/thumb/v7e-m+dp/hard\libc_nano.a(libc_a-memchr.o)
                                  0x8 (size before relaxing)
                0x0800cfd4                        __exidx_end = .

.preinit_array  0x0800cfd4        0x0
                0x0800cfd4                        PROVIDE (__preinit_array_start = .)
 *(.preinit_array*)
                0x0800cfd4                        PROVIDE (__preinit_array_end = .)

.init_array     0x0800cfd4        0x4
                0x0800cfd4                        PROVIDE (__init_array_start = .)
 *(SORT_BY_NAME(.init_array.*))
 *(.init_array*)
 .init_array    0x0800cfd4        0x4 C:/ST/STM32CubeIDE_1.17.0/STM32CubeIDE/plugins/com.st.stm32cube.ide.mcu.externaltools.gnu-tools-for-stm32.12.3.rel1.win32_1.1.0.202410251130/tools/bin/../lib/gcc/arm-none-eabi/12.3.1/thumb/v7e-m+dp/hard/crtbegin.o
                0x0800cfd8                        PROVIDE (__init_array_end = .)

.fini_array     0x0800cfd8        0x4
                [!provide]                        PROVIDE (__fini_array_start = .)
 *(SORT_BY_NAME(.fini_array.*))
 *(.fini_array*)
 .fini_array    0x0800cfd8        0x4 C:/ST/STM32CubeIDE_1.17.0/STM32CubeIDE/plugins/com.st.stm32cube.ide.mcu.externaltools.gnu-tools-for-stm32.12.3.rel1.win32_1.1.0.202410251130/tools/bin/../lib/gcc/arm-none-eabi/12.3.1/thumb/v7e-m+dp/hard/crtbegin.o
                [!provide]                        PROVIDE (__fini_array_end = .)
                0x0800cfdc                        _sidata = LOADADDR (.data)

.rel.dyn        0x0800cfdc        0x0
 .rel.iplt      0x0800cfdc        0x0 C:/ST/STM32CubeIDE_1.17.0/STM32CubeIDE/plugins/com.st.stm32cube.ide.mcu.externaltools.gnu-tools-for-stm32.12.3.rel1.win32_1.1.0.202410251130/tools/bin/../lib/gcc/arm-none-eabi/12.3.1/thumb/v7e-m+dp/hard/crtbegin.o

.data           0x24000000      0x15c load address 0x0800cfdc
                0x24000000                        . = ALIGN (0x4)
                0x24000000                        _sdata = .
 *(.data)
 *(.data*)
 .data.color    0x24000000        0x6 ./Core/Src/main.o
                0x24000000                color
 *fill*         0x24000006        0x2 
 .data.SystemCoreClock
                0x24000008        0x4 ./Core/Src/system_stm32h7xx.o
                0x24000008                SystemCoreClock
 .data.SystemD2Clock
                0x2400000c        0x4 ./Core/Src/system_stm32h7xx.o
                0x2400000c                SystemD2Clock
 .data.uwTickPrio
                0x24000010        0x4 ./Drivers/STM32H7xx_HAL_Driver/Src/stm32h7xx_hal.o
                0x24000010                uwTickPrio
 .data.uwTickFreq
                0x24000014        0x1 ./Drivers/STM32H7xx_HAL_Driver/Src/stm32h7xx_hal.o
                0x24000014                uwTickFreq
 *fill*         0x24000015        0x3 
 .data.USBD_CDC_DeviceQualifierDesc
                0x24000018        0xa ./Middlewares/ST/STM32_USB_Device_Library/Class/CDC/Src/usbd_cdc.o
 *fill*         0x24000022        0x2 
 .data.USBD_CDC
                0x24000024       0x38 ./Middlewares/ST/STM32_USB_Device_Library/Class/CDC/Src/usbd_cdc.o
                0x24000024                USBD_CDC
 .data.USBD_CDC_CfgDesc
                0x2400005c       0x43 ./Middlewares/ST/STM32_USB_Device_Library/Class/CDC/Src/usbd_cdc.o
 .data.CDCInEpAdd
                0x2400009f        0x1 ./Middlewares/ST/STM32_USB_Device_Library/Class/CDC/Src/usbd_cdc.o
 .data.CDCOutEpAdd
                0x240000a0        0x1 ./Middlewares/ST/STM32_USB_Device_Library/Class/CDC/Src/usbd_cdc.o
 .data.CDCCmdEpAdd
                0x240000a1        0x1 ./Middlewares/ST/STM32_USB_Device_Library/Class/CDC/Src/usbd_cdc.o
 *fill*         0x240000a2        0x2 
 .data.USBD_Interface_fops_HS
                0x240000a4       0x14 ./USB_DEVICE/App/usbd_cdc_if.o
                0x240000a4                USBD_Interface_fops_HS
 .data.HS_Desc  0x240000b8       0x20 ./USB_DEVICE/App/usbd_desc.o
                0x240000b8                HS_Desc
 .data.USBD_HS_DeviceDesc
                0x240000d8       0x12 ./USB_DEVICE/App/usbd_desc.o
                0x240000d8                USBD_HS_DeviceDesc
 *fill*         0x240000ea        0x2 
 .data.USBD_LangIDDesc
                0x240000ec        0x4 ./USB_DEVICE/App/usbd_desc.o
                0x240000ec                USBD_LangIDDesc
 .data.USBD_StringSerial
                0x240000f0       0x1a ./USB_DEVICE/App/usbd_desc.o
                0x240000f0                USBD_StringSerial
 *fill*         0x2400010a        0x2 
 .data._impure_ptr
                0x2400010c        0x4 C:/ST/STM32CubeIDE_1.17.0/STM32CubeIDE/plugins/com.st.stm32cube.ide.mcu.externaltools.gnu-tools-for-stm32.12.3.rel1.win32_1.1.0.202410251130/tools/bin/../lib/gcc/arm-none-eabi/12.3.1/../../../../arm-none-eabi/lib/thumb/v7e-m+dp/hard\libc_nano.a(libc_a-impure.o)
                0x2400010c                _impure_ptr
 .data._impure_data
                0x24000110       0x4c C:/ST/STM32CubeIDE_1.17.0/STM32CubeIDE/plugins/com.st.stm32cube.ide.mcu.externaltools.gnu-tools-for-stm32.12.3.rel1.win32_1.1.0.202410251130/tools/bin/../lib/gcc/arm-none-eabi/12.3.1/../../../../arm-none-eabi/lib/thumb/v7e-m+dp/hard\libc_nano.a(libc_a-impure.o)
                0x24000110                _impure_data
 *(.RamFunc)
 *(.RamFunc*)
                0x2400015c                        . = ALIGN (0x4)
                0x2400015c                        _edata = .

.igot.plt       0x2400015c        0x0 load address 0x0800d138
 .igot.plt      0x2400015c        0x0 C:/ST/STM32CubeIDE_1.17.0/STM32CubeIDE/plugins/com.st.stm32cube.ide.mcu.externaltools.gnu-tools-for-stm32.12.3.rel1.win32_1.1.0.202410251130/tools/bin/../lib/gcc/arm-none-eabi/12.3.1/thumb/v7e-m+dp/hard/crtbegin.o
                0x2400015c                        . = ALIGN (0x4)

.bss            0x2400015c     0x1e98 load address 0x0800d138
                0x2400015c                        _sbss = .
                0x2400015c                        __bss_start__ = _sbss
 *(.bss)
 .bss           0x2400015c       0x1c C:/ST/STM32CubeIDE_1.17.0/STM32CubeIDE/plugins/com.st.stm32cube.ide.mcu.externaltools.gnu-tools-for-stm32.12.3.rel1.win32_1.1.0.202410251130/tools/bin/../lib/gcc/arm-none-eabi/12.3.1/thumb/v7e-m+dp/hard/crtbegin.o
 *(.bss*)
 .bss.hospi1    0x24000178       0x5c ./Core/Src/main.o
                0x24000178                hospi1
 .bss.htim2     0x240001d4       0x4c ./Core/Src/main.o
                0x240001d4                htim2
 .bss.htim3     0x24000220       0x4c ./Core/Src/main.o
                0x24000220                htim3
 .bss.hsram1    0x2400026c       0x4c ./Core/Src/main.o
                0x2400026c                hsram1
 .bss.timeoutCallback
                0x240002b8        0x4 ./Core/Src/main.o
                0x240002b8                timeoutCallback
 .bss.FMC_Initialized
                0x240002bc        0x4 ./Core/Src/stm32h7xx_hal_msp.o
 .bss.__sbrk_heap_end
                0x240002c0        0x4 ./Core/Src/sysmem.o
 .bss.uwTick    0x240002c4        0x4 ./Drivers/STM32H7xx_HAL_Driver/Src/stm32h7xx_hal.o
                0x240002c4                uwTick
 .bss.cfgidx.0  0x240002c8        0x1 ./Middlewares/ST/STM32_USB_Device_Library/Core/Src/usbd_ctlreq.o
 *fill*         0x240002c9        0x3 
 .bss.hUsbDeviceHS
                0x240002cc      0x2dc ./USB_DEVICE/App/usb_device.o
                0x240002cc                hUsbDeviceHS
 .bss.UserRxBufferHS
                0x240005a8      0x800 ./USB_DEVICE/App/usbd_cdc_if.o
                0x240005a8                UserRxBufferHS
 .bss.UserTxBufferHS
                0x24000da8      0x800 ./USB_DEVICE/App/usbd_cdc_if.o
                0x24000da8                UserTxBufferHS
 .bss.USBD_StrDesc
                0x240015a8      0x200 ./USB_DEVICE/App/usbd_desc.o
                0x240015a8                USBD_StrDesc
 .bss.hpcd_USB_OTG_HS
                0x240017a8      0x4e4 ./USB_DEVICE/Target/usbd_conf.o
                0x240017a8                hpcd_USB_OTG_HS
 .bss.mem.0     0x24001c8c      0x220 ./USB_DEVICE/Target/usbd_conf.o
 .bss.__malloc_sbrk_start
                0x24001eac        0x4 C:/ST/STM32CubeIDE_1.17.0/STM32CubeIDE/plugins/com.st.stm32cube.ide.mcu.externaltools.gnu-tools-for-stm32.12.3.rel1.win32_1.1.0.202410251130/tools/bin/../lib/gcc/arm-none-eabi/12.3.1/../../../../arm-none-eabi/lib/thumb/v7e-m+dp/hard\libc_nano.a(libc_a-mallocr.o)
                0x24001eac                __malloc_sbrk_start
 .bss.__malloc_free_list
                0x24001eb0        0x4 C:/ST/STM32CubeIDE_1.17.0/STM32CubeIDE/plugins/com.st.stm32cube.ide.mcu.externaltools.gnu-tools-for-stm32.12.3.rel1.win32_1.1.0.202410251130/tools/bin/../lib/gcc/arm-none-eabi/12.3.1/../../../../arm-none-eabi/lib/thumb/v7e-m+dp/hard\libc_nano.a(libc_a-mallocr.o)
                0x24001eb0                __malloc_free_list
 .bss.__sf      0x24001eb4      0x138 C:/ST/STM32CubeIDE_1.17.0/STM32CubeIDE/plugins/com.st.stm32cube.ide.mcu.externaltools.gnu-tools-for-stm32.12.3.rel1.win32_1.1.0.202410251130/tools/bin/../lib/gcc/arm-none-eabi/12.3.1/../../../../arm-none-eabi/lib/thumb/v7e-m+dp/hard\libc_nano.a(libc_a-findfp.o)
                0x24001eb4                __sf
 .bss.errno     0x24001fec        0x4 C:/ST/STM32CubeIDE_1.17.0/STM32CubeIDE/plugins/com.st.stm32cube.ide.mcu.externaltools.gnu-tools-for-stm32.12.3.rel1.win32_1.1.0.202410251130/tools/bin/../lib/gcc/arm-none-eabi/12.3.1/../../../../arm-none-eabi/lib/thumb/v7e-m+dp/hard\libc_nano.a(libc_a-reent.o)
                0x24001fec                errno
 .bss.__lock___malloc_recursive_mutex
                0x24001ff0        0x1 C:/ST/STM32CubeIDE_1.17.0/STM32CubeIDE/plugins/com.st.stm32cube.ide.mcu.externaltools.gnu-tools-for-stm32.12.3.rel1.win32_1.1.0.202410251130/tools/bin/../lib/gcc/arm-none-eabi/12.3.1/../../../../arm-none-eabi/lib/thumb/v7e-m+dp/hard\libc_nano.a(libc_a-lock.o)
                0x24001ff0                __lock___malloc_recursive_mutex
 *(COMMON)
                0x24001ff4                        . = ALIGN (0x4)
 *fill*         0x24001ff1        0x3 
                0x24001ff4                        _ebss = .
                0x24001ff4                        __bss_end__ = _ebss

._user_heap_stack
                0x24001ff4      0x604 load address 0x0800d138
                0x24001ff8                        . = ALIGN (0x8)
 *fill*         0x24001ff4        0x4 
                [!provide]                        PROVIDE (end = .)
                0x24001ff8                        PROVIDE (_end = .)
                0x240021f8                        . = (. + _Min_Heap_Size)
 *fill*         0x24001ff8      0x200 
                0x240025f8                        . = (. + _Min_Stack_Size)
 *fill*         0x240021f8      0x400 
                0x240025f8                        . = ALIGN (0x8)

/DISCARD/
 libc.a(*)
 libm.a(*)
 libgcc.a(*)

.ARM.attributes
                0x00000000       0x2e
 *(.ARM.attributes)
 .ARM.attributes
                0x00000000       0x20 C:/ST/STM32CubeIDE_1.17.0/STM32CubeIDE/plugins/com.st.stm32cube.ide.mcu.externaltools.gnu-tools-for-stm32.12.3.rel1.win32_1.1.0.202410251130/tools/bin/../lib/gcc/arm-none-eabi/12.3.1/thumb/v7e-m+dp/hard/crti.o
 .ARM.attributes
                0x00000020       0x32 C:/ST/STM32CubeIDE_1.17.0/STM32CubeIDE/plugins/com.st.stm32cube.ide.mcu.externaltools.gnu-tools-for-stm32.12.3.rel1.win32_1.1.0.202410251130/tools/bin/../lib/gcc/arm-none-eabi/12.3.1/thumb/v7e-m+dp/hard/crtbegin.o
 .ARM.attributes
                0x00000052       0x32 ./Core/Src/main.o
 .ARM.attributes
                0x00000084       0x32 ./Core/Src/stm32h7xx_hal_msp.o
 .ARM.attributes
                0x000000b6       0x32 ./Core/Src/stm32h7xx_it.o
 .ARM.attributes
                0x000000e8       0x32 ./Core/Src/sysmem.o
 .ARM.attributes
                0x0000011a       0x32 ./Core/Src/system_stm32h7xx.o
 .ARM.attributes
                0x0000014c       0x21 ./Core/Startup/startup_stm32h725vetx.o
 .ARM.attributes
                0x0000016d       0x32 ./Drivers/STM32H7xx_HAL_Driver/Src/stm32h7xx_hal.o
 .ARM.attributes
                0x0000019f       0x32 ./Drivers/STM32H7xx_HAL_Driver/Src/stm32h7xx_hal_cortex.o
 .ARM.attributes
                0x000001d1       0x32 ./Drivers/STM32H7xx_HAL_Driver/Src/stm32h7xx_hal_gpio.o
 .ARM.attributes
                0x00000203       0x32 ./Drivers/STM32H7xx_HAL_Driver/Src/stm32h7xx_hal_ospi.o
 .ARM.attributes
                0x00000235       0x32 ./Drivers/STM32H7xx_HAL_Driver/Src/stm32h7xx_hal_pcd.o
 .ARM.attributes
                0x00000267       0x32 ./Drivers/STM32H7xx_HAL_Driver/Src/stm32h7xx_hal_pcd_ex.o
 .ARM.attributes
                0x00000299       0x32 ./Drivers/STM32H7xx_HAL_Driver/Src/stm32h7xx_hal_pwr.o
 .ARM.attributes
                0x000002cb       0x32 ./Drivers/STM32H7xx_HAL_Driver/Src/stm32h7xx_hal_pwr_ex.o
 .ARM.attributes
                0x000002fd       0x32 ./Drivers/STM32H7xx_HAL_Driver/Src/stm32h7xx_hal_rcc.o
 .ARM.attributes
                0x0000032f       0x32 ./Drivers/STM32H7xx_HAL_Driver/Src/stm32h7xx_hal_rcc_ex.o
 .ARM.attributes
                0x00000361       0x32 ./Drivers/STM32H7xx_HAL_Driver/Src/stm32h7xx_hal_sram.o
 .ARM.attributes
                0x00000393       0x32 ./Drivers/STM32H7xx_HAL_Driver/Src/stm32h7xx_hal_tim.o
 .ARM.attributes
                0x000003c5       0x32 ./Drivers/STM32H7xx_HAL_Driver/Src/stm32h7xx_hal_tim_ex.o
 .ARM.attributes
                0x000003f7       0x32 ./Drivers/STM32H7xx_HAL_Driver/Src/stm32h7xx_ll_fmc.o
 .ARM.attributes
                0x00000429       0x32 ./Drivers/STM32H7xx_HAL_Driver/Src/stm32h7xx_ll_usb.o
 .ARM.attributes
                0x0000045b       0x32 ./Middlewares/ST/STM32_USB_Device_Library/Class/CDC/Src/usbd_cdc.o
 .ARM.attributes
                0x0000048d       0x32 ./Middlewares/ST/STM32_USB_Device_Library/Core/Src/usbd_core.o
 .ARM.attributes
                0x000004bf       0x32 ./Middlewares/ST/STM32_USB_Device_Library/Core/Src/usbd_ctlreq.o
 .ARM.attributes
                0x000004f1       0x32 ./Middlewares/ST/STM32_USB_Device_Library/Core/Src/usbd_ioreq.o
 .ARM.attributes
                0x00000523       0x32 ./USB_DEVICE/App/usb_device.o
 .ARM.attributes
                0x00000555       0x32 ./USB_DEVICE/App/usbd_cdc_if.o
 .ARM.attributes
                0x00000587       0x32 ./USB_DEVICE/App/usbd_desc.o
 .ARM.attributes
                0x000005b9       0x32 ./USB_DEVICE/Target/usbd_conf.o
 .ARM.attributes
                0x000005eb       0x32 C:/ST/STM32CubeIDE_1.17.0/STM32CubeIDE/plugins/com.st.stm32cube.ide.mcu.externaltools.gnu-tools-for-stm32.12.3.rel1.win32_1.1.0.202410251130/tools/bin/../lib/gcc/arm-none-eabi/12.3.1/../../../../arm-none-eabi/lib/thumb/v7e-m+dp/hard\libc_nano.a(libc_a-malloc.o)
 .ARM.attributes
                0x0000061d       0x32 C:/ST/STM32CubeIDE_1.17.0/STM32CubeIDE/plugins/com.st.stm32cube.ide.mcu.externaltools.gnu-tools-for-stm32.12.3.rel1.win32_1.1.0.202410251130/tools/bin/../lib/gcc/arm-none-eabi/12.3.1/../../../../arm-none-eabi/lib/thumb/v7e-m+dp/hard\libc_nano.a(libc_a-mallocr.o)
 .ARM.attributes
                0x0000064f       0x32 C:/ST/STM32CubeIDE_1.17.0/STM32CubeIDE/plugins/com.st.stm32cube.ide.mcu.externaltools.gnu-tools-for-stm32.12.3.rel1.win32_1.1.0.202410251130/tools/bin/../lib/gcc/arm-none-eabi/12.3.1/../../../../arm-none-eabi/lib/thumb/v7e-m+dp/hard\libc_nano.a(libc_a-mlock.o)
 .ARM.attributes
                0x00000681       0x32 C:/ST/STM32CubeIDE_1.17.0/STM32CubeIDE/plugins/com.st.stm32cube.ide.mcu.externaltools.gnu-tools-for-stm32.12.3.rel1.win32_1.1.0.202410251130/tools/bin/../lib/gcc/arm-none-eabi/12.3.1/../../../../arm-none-eabi/lib/thumb/v7e-m+dp/hard\libc_nano.a(libc_a-findfp.o)
 .ARM.attributes
                0x000006b3       0x32 C:/ST/STM32CubeIDE_1.17.0/STM32CubeIDE/plugins/com.st.stm32cube.ide.mcu.externaltools.gnu-tools-for-stm32.12.3.rel1.win32_1.1.0.202410251130/tools/bin/../lib/gcc/arm-none-eabi/12.3.1/../../../../arm-none-eabi/lib/thumb/v7e-m+dp/hard\libc_nano.a(libc_a-snprintf.o)
 .ARM.attributes
                0x000006e5       0x32 C:/ST/STM32CubeIDE_1.17.0/STM32CubeIDE/plugins/com.st.stm32cube.ide.mcu.externaltools.gnu-tools-for-stm32.12.3.rel1.win32_1.1.0.202410251130/tools/bin/../lib/gcc/arm-none-eabi/12.3.1/../../../../arm-none-eabi/lib/thumb/v7e-m+dp/hard\libc_nano.a(libc_a-memset.o)
 .ARM.attributes
                0x00000717       0x32 C:/ST/STM32CubeIDE_1.17.0/STM32CubeIDE/plugins/com.st.stm32cube.ide.mcu.externaltools.gnu-tools-for-stm32.12.3.rel1.win32_1.1.0.202410251130/tools/bin/../lib/gcc/arm-none-eabi/12.3.1/../../../../arm-none-eabi/lib/thumb/v7e-m+dp/hard\libc_nano.a(libc_a-reent.o)
 .ARM.attributes
                0x00000749       0x32 C:/ST/STM32CubeIDE_1.17.0/STM32CubeIDE/plugins/com.st.stm32cube.ide.mcu.externaltools.gnu-tools-for-stm32.12.3.rel1.win32_1.1.0.202410251130/tools/bin/../lib/gcc/arm-none-eabi/12.3.1/../../../../arm-none-eabi/lib/thumb/v7e-m+dp/hard\libc_nano.a(libc_a-impure.o)
 .ARM.attributes
                0x0000077b       0x32 C:/ST/STM32CubeIDE_1.17.0/STM32CubeIDE/plugins/com.st.stm32cube.ide.mcu.externaltools.gnu-tools-for-stm32.12.3.rel1.win32_1.1.0.202410251130/tools/bin/../lib/gcc/arm-none-eabi/12.3.1/../../../../arm-none-eabi/lib/thumb/v7e-m+dp/hard\libc_nano.a(libc_a-sbrkr.o)
 .ARM.attributes
                0x000007ad       0x32 C:/ST/STM32CubeIDE_1.17.0/STM32CubeIDE/plugins/com.st.stm32cube.ide.mcu.externaltools.gnu-tools-for-stm32.12.3.rel1.win32_1.1.0.202410251130/tools/bin/../lib/gcc/arm-none-eabi/12.3.1/../../../../arm-none-eabi/lib/thumb/v7e-m+dp/hard\libc_nano.a(libc_a-errno.o)
 .ARM.attributes
                0x000007df       0x32 C:/ST/STM32CubeIDE_1.17.0/STM32CubeIDE/plugins/com.st.stm32cube.ide.mcu.externaltools.gnu-tools-for-stm32.12.3.rel1.win32_1.1.0.202410251130/tools/bin/../lib/gcc/arm-none-eabi/12.3.1/../../../../arm-none-eabi/lib/thumb/v7e-m+dp/hard\libc_nano.a(libc_a-init.o)
 .ARM.attributes
                0x00000811       0x32 C:/ST/STM32CubeIDE_1.17.0/STM32CubeIDE/plugins/com.st.stm32cube.ide.mcu.externaltools.gnu-tools-for-stm32.12.3.rel1.win32_1.1.0.202410251130/tools/bin/../lib/gcc/arm-none-eabi/12.3.1/../../../../arm-none-eabi/lib/thumb/v7e-m+dp/hard\libc_nano.a(libc_a-lock.o)
 .ARM.attributes
                0x00000843       0x17 C:/ST/STM32CubeIDE_1.17.0/STM32CubeIDE/plugins/com.st.stm32cube.ide.mcu.externaltools.gnu-tools-for-stm32.12.3.rel1.win32_1.1.0.202410251130/tools/bin/../lib/gcc/arm-none-eabi/12.3.1/../../../../arm-none-eabi/lib/thumb/v7e-m+dp/hard\libc_nano.a(libc_a-strlen.o)
 .ARM.attributes
                0x0000085a       0x32 C:/ST/STM32CubeIDE_1.17.0/STM32CubeIDE/plugins/com.st.stm32cube.ide.mcu.externaltools.gnu-tools-for-stm32.12.3.rel1.win32_1.1.0.202410251130/tools/bin/../lib/gcc/arm-none-eabi/12.3.1/../../../../arm-none-eabi/lib/thumb/v7e-m+dp/hard\libc_nano.a(libc_a-freer.o)
 .ARM.attributes
                0x0000088c       0x32 C:/ST/STM32CubeIDE_1.17.0/STM32CubeIDE/plugins/com.st.stm32cube.ide.mcu.externaltools.gnu-tools-for-stm32.12.3.rel1.win32_1.1.0.202410251130/tools/bin/../lib/gcc/arm-none-eabi/12.3.1/../../../../arm-none-eabi/lib/thumb/v7e-m+dp/hard\libc_nano.a(libc_a-nano-svfprintf.o)
 .ARM.attributes
                0x000008be       0x32 C:/ST/STM32CubeIDE_1.17.0/STM32CubeIDE/plugins/com.st.stm32cube.ide.mcu.externaltools.gnu-tools-for-stm32.12.3.rel1.win32_1.1.0.202410251130/tools/bin/../lib/gcc/arm-none-eabi/12.3.1/../../../../arm-none-eabi/lib/thumb/v7e-m+dp/hard\libc_nano.a(libc_a-nano-vfprintf_i.o)
 .ARM.attributes
                0x000008f0       0x32 C:/ST/STM32CubeIDE_1.17.0/STM32CubeIDE/plugins/com.st.stm32cube.ide.mcu.externaltools.gnu-tools-for-stm32.12.3.rel1.win32_1.1.0.202410251130/tools/bin/../lib/gcc/arm-none-eabi/12.3.1/../../../../arm-none-eabi/lib/thumb/v7e-m+dp/hard\libc_nano.a(libc_a-memmove.o)
 .ARM.attributes
                0x00000922       0x1c C:/ST/STM32CubeIDE_1.17.0/STM32CubeIDE/plugins/com.st.stm32cube.ide.mcu.externaltools.gnu-tools-for-stm32.12.3.rel1.win32_1.1.0.202410251130/tools/bin/../lib/gcc/arm-none-eabi/12.3.1/../../../../arm-none-eabi/lib/thumb/v7e-m+dp/hard\libc_nano.a(libc_a-memchr.o)
 .ARM.attributes
                0x0000093e       0x32 C:/ST/STM32CubeIDE_1.17.0/STM32CubeIDE/plugins/com.st.stm32cube.ide.mcu.externaltools.gnu-tools-for-stm32.12.3.rel1.win32_1.1.0.202410251130/tools/bin/../lib/gcc/arm-none-eabi/12.3.1/../../../../arm-none-eabi/lib/thumb/v7e-m+dp/hard\libc_nano.a(libc_a-memcpy-stub.o)
 .ARM.attributes
                0x00000970       0x32 C:/ST/STM32CubeIDE_1.17.0/STM32CubeIDE/plugins/com.st.stm32cube.ide.mcu.externaltools.gnu-tools-for-stm32.12.3.rel1.win32_1.1.0.202410251130/tools/bin/../lib/gcc/arm-none-eabi/12.3.1/../../../../arm-none-eabi/lib/thumb/v7e-m+dp/hard\libc_nano.a(libc_a-reallocr.o)
 .ARM.attributes
                0x000009a2       0x32 C:/ST/STM32CubeIDE_1.17.0/STM32CubeIDE/plugins/com.st.stm32cube.ide.mcu.externaltools.gnu-tools-for-stm32.12.3.rel1.win32_1.1.0.202410251130/tools/bin/../lib/gcc/arm-none-eabi/12.3.1/../../../../arm-none-eabi/lib/thumb/v7e-m+dp/hard\libc_nano.a(libc_a-msizer.o)
 .ARM.attributes
                0x000009d4       0x20 C:/ST/STM32CubeIDE_1.17.0/STM32CubeIDE/plugins/com.st.stm32cube.ide.mcu.externaltools.gnu-tools-for-stm32.12.3.rel1.win32_1.1.0.202410251130/tools/bin/../lib/gcc/arm-none-eabi/12.3.1/thumb/v7e-m+dp/hard/crtn.o
OUTPUT(N120BootloaderCPP.elf elf32-littlearm)
LOAD linker stubs
LOAD C:/ST/STM32CubeIDE_1.17.0/STM32CubeIDE/plugins/com.st.stm32cube.ide.mcu.externaltools.gnu-tools-for-stm32.12.3.rel1.win32_1.1.0.202410251130/tools/bin/../lib/gcc/arm-none-eabi/12.3.1/../../../../arm-none-eabi/lib/thumb/v7e-m+dp/hard\libc.a
LOAD C:/ST/STM32CubeIDE_1.17.0/STM32CubeIDE/plugins/com.st.stm32cube.ide.mcu.externaltools.gnu-tools-for-stm32.12.3.rel1.win32_1.1.0.202410251130/tools/bin/../lib/gcc/arm-none-eabi/12.3.1/../../../../arm-none-eabi/lib/thumb/v7e-m+dp/hard\libm.a
LOAD C:/ST/STM32CubeIDE_1.17.0/STM32CubeIDE/plugins/com.st.stm32cube.ide.mcu.externaltools.gnu-tools-for-stm32.12.3.rel1.win32_1.1.0.202410251130/tools/bin/../lib/gcc/arm-none-eabi/12.3.1/thumb/v7e-m+dp/hard\libgcc.a

.debug_info     0x00000000    0x1ef9c
 .debug_info    0x00000000     0x2a83 ./Core/Src/main.o
 .debug_info    0x00002a83     0x210d ./Core/Src/stm32h7xx_hal_msp.o
 .debug_info    0x00004b90      0xd79 ./Core/Src/stm32h7xx_it.o
 .debug_info    0x00005909      0x168 ./Core/Src/sysmem.o
 .debug_info    0x00005a71      0xbf0 ./Core/Src/system_stm32h7xx.o
 .debug_info    0x00006661       0x30 ./Core/Startup/startup_stm32h725vetx.o
 .debug_info    0x00006691     0x1698 ./Drivers/STM32H7xx_HAL_Driver/Src/stm32h7xx_hal.o
 .debug_info    0x00007d29     0x10a5 ./Drivers/STM32H7xx_HAL_Driver/Src/stm32h7xx_hal_cortex.o
 .debug_info    0x00008dce      0xc6b ./Drivers/STM32H7xx_HAL_Driver/Src/stm32h7xx_hal_gpio.o
 .debug_info    0x00009a39     0x19b4 ./Drivers/STM32H7xx_HAL_Driver/Src/stm32h7xx_hal_ospi.o
 .debug_info    0x0000b3ed     0x1561 ./Drivers/STM32H7xx_HAL_Driver/Src/stm32h7xx_hal_pcd.o
 .debug_info    0x0000c94e      0x8b3 ./Drivers/STM32H7xx_HAL_Driver/Src/stm32h7xx_hal_pcd_ex.o
 .debug_info    0x0000d201      0x901 ./Drivers/STM32H7xx_HAL_Driver/Src/stm32h7xx_hal_pwr.o
 .debug_info    0x0000db02      0xdce ./Drivers/STM32H7xx_HAL_Driver/Src/stm32h7xx_hal_pwr_ex.o