../Core/Src/stm32h7xx_hal_msp.c:65:6:HAL_MspInit	16	static
../Core/Src/stm32h7xx_hal_msp.c:87:6:HAL_OSPI_MspInit	248	static
../Core/Src/stm32h7xx_hal_msp.c:171:6:HAL_OSPI_MspDeInit	16	static
../Core/Src/stm32h7xx_hal_msp.c:211:6:HAL_TIM_Base_MspInit	24	static
../Core/Src/stm32h7xx_hal_msp.c:237:6:HAL_TIM_PWM_MspInit	24	static
../Core/Src/stm32h7xx_hal_msp.c:254:6:HAL_TIM_MspPostInit	48	static
../Core/Src/stm32h7xx_hal_msp.c:296:6:HAL_TIM_Base_MspDeInit	16	static
../Core/Src/stm32h7xx_hal_msp.c:321:6:HAL_TIM_PWM_MspDeInit	16	static
../Core/Src/stm32h7xx_hal_msp.c:339:13:HAL_FMC_MspInit	224	static
../Core/Src/stm32h7xx_hal_msp.c:440:6:HAL_SRAM_MspInit	16	static
../Core/Src/stm32h7xx_hal_msp.c:452:13:HAL_FMC_MspDeInit	8	static
../Core/Src/stm32h7xx_hal_msp.c:502:6:HAL_SRAM_MspDeInit	16	static
